Archive member included to satisfy reference by file (symbol)

d:/stm32/stm32cubeide_1.0.2/stm32cubeide/plugins/com.st.stm32cube.ide.mcu.externaltools.gnu-tools-for-stm32.7-2018-q2-update.win32_1.0.0.201904181610/tools/bin/../lib/gcc/arm-none-eabi/7.3.1/../../../../arm-none-eabi/lib/thumb/v7e-m/fpv4-sp/hard\libc_nano.a(lib_a-errno.o)
                              Core/Src/syscalls.o (__errno)
d:/stm32/stm32cubeide_1.0.2/stm32cubeide/plugins/com.st.stm32cube.ide.mcu.externaltools.gnu-tools-for-stm32.7-2018-q2-update.win32_1.0.0.201904181610/tools/bin/../lib/gcc/arm-none-eabi/7.3.1/../../../../arm-none-eabi/lib/thumb/v7e-m/fpv4-sp/hard\libc_nano.a(lib_a-exit.o)
                              d:/stm32/stm32cubeide_1.0.2/stm32cubeide/plugins/com.st.stm32cube.ide.mcu.externaltools.gnu-tools-for-stm32.7-2018-q2-update.win32_1.0.0.201904181610/tools/bin/../lib/gcc/arm-none-eabi/7.3.1/../../../../arm-none-eabi/lib/thumb/v7e-m/fpv4-sp/hard/crt0.o (exit)
d:/stm32/stm32cubeide_1.0.2/stm32cubeide/plugins/com.st.stm32cube.ide.mcu.externaltools.gnu-tools-for-stm32.7-2018-q2-update.win32_1.0.0.201904181610/tools/bin/../lib/gcc/arm-none-eabi/7.3.1/../../../../arm-none-eabi/lib/thumb/v7e-m/fpv4-sp/hard\libc_nano.a(lib_a-impure.o)
                              d:/stm32/stm32cubeide_1.0.2/stm32cubeide/plugins/com.st.stm32cube.ide.mcu.externaltools.gnu-tools-for-stm32.7-2018-q2-update.win32_1.0.0.201904181610/tools/bin/../lib/gcc/arm-none-eabi/7.3.1/../../../../arm-none-eabi/lib/thumb/v7e-m/fpv4-sp/hard\libc_nano.a(lib_a-exit.o) (_global_impure_ptr)
d:/stm32/stm32cubeide_1.0.2/stm32cubeide/plugins/com.st.stm32cube.ide.mcu.externaltools.gnu-tools-for-stm32.7-2018-q2-update.win32_1.0.0.201904181610/tools/bin/../lib/gcc/arm-none-eabi/7.3.1/../../../../arm-none-eabi/lib/thumb/v7e-m/fpv4-sp/hard\libc_nano.a(lib_a-init.o)
                              d:/stm32/stm32cubeide_1.0.2/stm32cubeide/plugins/com.st.stm32cube.ide.mcu.externaltools.gnu-tools-for-stm32.7-2018-q2-update.win32_1.0.0.201904181610/tools/bin/../lib/gcc/arm-none-eabi/7.3.1/../../../../arm-none-eabi/lib/thumb/v7e-m/fpv4-sp/hard/crt0.o (__libc_init_array)
d:/stm32/stm32cubeide_1.0.2/stm32cubeide/plugins/com.st.stm32cube.ide.mcu.externaltools.gnu-tools-for-stm32.7-2018-q2-update.win32_1.0.0.201904181610/tools/bin/../lib/gcc/arm-none-eabi/7.3.1/../../../../arm-none-eabi/lib/thumb/v7e-m/fpv4-sp/hard\libc_nano.a(lib_a-memset.o)
                              d:/stm32/stm32cubeide_1.0.2/stm32cubeide/plugins/com.st.stm32cube.ide.mcu.externaltools.gnu-tools-for-stm32.7-2018-q2-update.win32_1.0.0.201904181610/tools/bin/../lib/gcc/arm-none-eabi/7.3.1/../../../../arm-none-eabi/lib/thumb/v7e-m/fpv4-sp/hard/crt0.o (memset)

Allocating common symbols
Common symbol       size              file

hi2c1               0x4c              Core/Src/main.o
uwTick              0x4               Drivers/STM32F3xx_HAL_Driver/Src/stm32f3xx_hal.o
pFlash              0x20              Drivers/STM32F3xx_HAL_Driver/Src/stm32f3xx_hal_flash.o

Discarded input sections

 .text          0x0000000000000000        0x0 d:/stm32/stm32cubeide_1.0.2/stm32cubeide/plugins/com.st.stm32cube.ide.mcu.externaltools.gnu-tools-for-stm32.7-2018-q2-update.win32_1.0.0.201904181610/tools/bin/../lib/gcc/arm-none-eabi/7.3.1/thumb/v7e-m/fpv4-sp/hard/crti.o
 .data          0x0000000000000000        0x0 d:/stm32/stm32cubeide_1.0.2/stm32cubeide/plugins/com.st.stm32cube.ide.mcu.externaltools.gnu-tools-for-stm32.7-2018-q2-update.win32_1.0.0.201904181610/tools/bin/../lib/gcc/arm-none-eabi/7.3.1/thumb/v7e-m/fpv4-sp/hard/crti.o
 .bss           0x0000000000000000        0x0 d:/stm32/stm32cubeide_1.0.2/stm32cubeide/plugins/com.st.stm32cube.ide.mcu.externaltools.gnu-tools-for-stm32.7-2018-q2-update.win32_1.0.0.201904181610/tools/bin/../lib/gcc/arm-none-eabi/7.3.1/thumb/v7e-m/fpv4-sp/hard/crti.o
 .data          0x0000000000000000        0x4 d:/stm32/stm32cubeide_1.0.2/stm32cubeide/plugins/com.st.stm32cube.ide.mcu.externaltools.gnu-tools-for-stm32.7-2018-q2-update.win32_1.0.0.201904181610/tools/bin/../lib/gcc/arm-none-eabi/7.3.1/thumb/v7e-m/fpv4-sp/hard/crtbegin.o
 .text          0x0000000000000000       0x74 d:/stm32/stm32cubeide_1.0.2/stm32cubeide/plugins/com.st.stm32cube.ide.mcu.externaltools.gnu-tools-for-stm32.7-2018-q2-update.win32_1.0.0.201904181610/tools/bin/../lib/gcc/arm-none-eabi/7.3.1/../../../../arm-none-eabi/lib/thumb/v7e-m/fpv4-sp/hard/crt0.o
 .data          0x0000000000000000        0x0 d:/stm32/stm32cubeide_1.0.2/stm32cubeide/plugins/com.st.stm32cube.ide.mcu.externaltools.gnu-tools-for-stm32.7-2018-q2-update.win32_1.0.0.201904181610/tools/bin/../lib/gcc/arm-none-eabi/7.3.1/../../../../arm-none-eabi/lib/thumb/v7e-m/fpv4-sp/hard/crt0.o
[...]
Memory Configuration

Name             Origin             Length             Attributes
CCMRAM           0x0000000010000000 0x0000000000001000 xrw
RAM              0x0000000020000000 0x0000000000003000 xrw
FLASH            0x0000000008000000 0x0000000000010000 xr
*default*        0x0000000000000000 0xffffffffffffffff

Linker script and memory map

LOAD d:/stm32/stm32cubeide_1.0.2/stm32cubeide/plugins/com.st.stm32cube.ide.mcu.externaltools.gnu-tools-for-stm32.7-2018-q2-update.win32_1.0.0.201904181610/tools/bin/../lib/gcc/arm-none-eabi/7.3.1/thumb/v7e-m/fpv4-sp/hard/crti.o
LOAD d:/stm32/stm32cubeide_1.0.2/stm32cubeide/plugins/com.st.stm32cube.ide.mcu.externaltools.gnu-tools-for-stm32.7-2018-q2-update.win32_1.0.0.201904181610/tools/bin/../lib/gcc/arm-none-eabi/7.3.1/thumb/v7e-m/fpv4-sp/hard/crtbegin.o
LOAD d:/stm32/stm32cubeide_1.0.2/stm32cubeide/plugins/com.st.stm32cube.ide.mcu.externaltools.gnu-tools-for-stm32.7-2018-q2-update.win32_1.0.0.201904181610/tools/bin/../lib/gcc/arm-none-eabi/7.3.1/../../../../arm-none-eabi/lib/thumb/v7e-m/fpv4-sp/hard/crt0.o
LOAD Core/Src/main.o
LOAD Core/Src/ssd1306.o
LOAD Core/Src/ssd1306_fonts.o
LOAD Core/Src/stm32f3xx_hal_msp.o
LOAD Core/Src/stm32f3xx_it.o
LOAD Core/Src/syscalls.o
LOAD Core/Src/sysmem.o
LOAD Core/Src/system_stm32f3xx.o
LOAD Core/Startup/startup_stm32f303k8tx.o
LOAD Drivers/STM32F3xx_HAL_Driver/Src/stm32f3xx_hal.o
LOAD Drivers/STM32F3xx_HAL_Driver/Src/stm32f3xx_hal_cortex.o
LOAD Drivers/STM32F3xx_HAL_Driver/Src/stm32f3xx_hal_dma.o
LOAD Drivers/STM32F3xx_HAL_Driver/Src/stm32f3xx_hal_exti.o
LOAD Drivers/STM32F3xx_HAL_Driver/Src/stm32f3xx_hal_flash.o
LOAD Drivers/STM32F3xx_HAL_Driver/Src/stm32f3xx_hal_flash_ex.o
LOAD Drivers/STM32F3xx_HAL_Driver/Src/stm32f3xx_hal_gpio.o
LOAD Drivers/STM32F3xx_HAL_Driver/Src/stm32f3xx_hal_i2c.o
LOAD Drivers/STM32F3xx_HAL_Driver/Src/stm32f3xx_hal_i2c_ex.o
LOAD Drivers/STM32F3xx_HAL_Driver/Src/stm32f3xx_hal_pwr.o
LOAD Drivers/STM32F3xx_HAL_Driver/Src/stm32f3xx_hal_pwr_ex.o
LOAD Drivers/STM32F3xx_HAL_Driver/Src/stm32f3xx_hal_rcc.o
LOAD Drivers/STM32F3xx_HAL_Driver/Src/stm32f3xx_hal_rcc_ex.o
LOAD Drivers/STM32F3xx_HAL_Driver/Src/stm32f3xx_hal_tim.o
LOAD Drivers/STM32F3xx_HAL_Driver/Src/stm32f3xx_hal_tim_ex.o
START GROUP
LOAD d:/stm32/stm32cubeide_1.0.2/stm32cubeide/plugins/com.st.stm32cube.ide.mcu.externaltools.gnu-tools-for-stm32.7-2018-q2-update.win32_1.0.0.201904181610/tools/bin/../lib/gcc/arm-none-eabi/7.3.1/../../../../arm-none-eabi/lib/thumb/v7e-m/fpv4-sp/hard\libc_nano.a
LOAD d:/stm32/stm32cubeide_1.0.2/stm32cubeide/plugins/com.st.stm32cube.ide.mcu.externaltools.gnu-tools-for-stm32.7-2018-q2-update.win32_1.0.0.201904181610/tools/bin/../lib/gcc/arm-none-eabi/7.3.1/../../../../arm-none-eabi/lib/thumb/v7e-m/fpv4-sp/hard\libm.a
END GROUP
START GROUP
LOAD d:/stm32/stm32cubeide_1.0.2/stm32cubeide/plugins/com.st.stm32cube.ide.mcu.externaltools.gnu-tools-for-stm32.7-2018-q2-update.win32_1.0.0.201904181610/tools/bin/../lib/gcc/arm-none-eabi/7.3.1/thumb/v7e-m/fpv4-sp/hard\libgcc.a
LOAD d:/stm32/stm32cubeide_1.0.2/stm32cubeide/plugins/com.st.stm32cube.ide.mcu.externaltools.gnu-tools-for-stm32.7-2018-q2-update.win32_1.0.0.201904181610/tools/bin/../lib/gcc/arm-none-eabi/7.3.1/../../../../arm-none-eabi/lib/thumb/v7e-m/fpv4-sp/hard\libc_nano.a
END GROUP
START GROUP
LOAD d:/stm32/stm32cubeide_1.0.2/stm32cubeide/plugins/com.st.stm32cube.ide.mcu.externaltools.gnu-tools-for-stm32.7-2018-q2-update.win32_1.0.0.201904181610/tools/bin/../lib/gcc/arm-none-eabi/7.3.1/thumb/v7e-m/fpv4-sp/hard\libgcc.a
LOAD d:/stm32/stm32cubeide_1.0.2/stm32cubeide/plugins/com.st.stm32cube.ide.mcu.externaltools.gnu-tools-for-stm32.7-2018-q2-update.win32_1.0.0.201904181610/tools/bin/../lib/gcc/arm-none-eabi/7.3.1/../../../../arm-none-eabi/lib/thumb/v7e-m/fpv4-sp/hard\libc_nano.a
LOAD d:/stm32/stm32cubeide_1.0.2/stm32cubeide/plugins/com.st.stm32cube.ide.mcu.externaltools.gnu-tools-for-stm32.7-2018-q2-update.win32_1.0.0.201904181610/tools/bin/../lib/gcc/arm-none-eabi/7.3.1/../../../../arm-none-eabi/lib/thumb/v7e-m/fpv4-sp/hard\libnosys.a
END GROUP
START GROUP
LOAD d:/stm32/stm32cubeide_1.0.2/stm32cubeide/plugins/com.st.stm32cube.ide.mcu.externaltools.gnu-tools-for-stm32.7-2018-q2-update.win32_1.0.0.201904181610/tools/bin/../lib/gcc/arm-none-eabi/7.3.1/thumb/v7e-m/fpv4-sp/hard\libgcc.a
LOAD d:/stm32/stm32cubeide_1.0.2/stm32cubeide/plugins/com.st.stm32cube.ide.mcu.externaltools.gnu-tools-for-stm32.7-2018-q2-update.win32_1.0.0.201904181610/tools/bin/../lib/gcc/arm-none-eabi/7.3.1/../../../../arm-none-eabi/lib/thumb/v7e-m/fpv4-sp/hard\libc_nano.a
LOAD d:/stm32/stm32cubeide_1.0.2/stm32cubeide/plugins/com.st.stm32cube.ide.mcu.externaltools.gnu-tools-for-stm32.7-2018-q2-update.win32_1.0.0.201904181610/tools/bin/../lib/gcc/arm-none-eabi/7.3.1/../../../../arm-none-eabi/lib/thumb/v7e-m/fpv4-sp/hard\libnosys.a
END GROUP
LOAD d:/stm32/stm32cubeide_1.0.2/stm32cubeide/plugins/com.st.stm32cube.ide.mcu.externaltools.gnu-tools-for-stm32.7-2018-q2-update.win32_1.0.0.201904181610/tools/bin/../lib/gcc/arm-none-eabi/7.3.1/thumb/v7e-m/fpv4-sp/hard/crtend.o
LOAD d:/stm32/stm32cubeide_1.0.2/stm32cubeide/plugins/com.st.stm32cube.ide.mcu.externaltools.gnu-tools-for-stm32.7-2018-q2-update.win32_1.0.0.201904181610/tools/bin/../lib/gcc/arm-none-eabi/7.3.1/thumb/v7e-m/fpv4-sp/hard/crtn.o
                0x0000000020003000                _estack = (ORIGIN (RAM) + LENGTH (RAM))
                0x0000000000000200                _Min_Heap_Size = 0x200
                0x0000000000000400                _Min_Stack_Size = 0x400

.isr_vector     0x0000000008000000      0x188
                0x0000000008000000                . = ALIGN (0x4)
 *(.isr_vector)
 .isr_vector    0x0000000008000000      0x188 Core/Startup/startup_stm32f303k8tx.o
                0x0000000008000000                g_pfnVectors
                0x0000000008000188                . = ALIGN (0x4)

.text           0x0000000008000188     0x2b14
                0x0000000008000188                . = ALIGN (0x4)
 *(.text)
 .text          0x0000000008000188       0x40 d:/stm32/stm32cubeide_1.0.2/stm32cubeide/plugins/com.st.stm32cube.ide.mcu.externaltools.gnu-tools-for-stm32.7-2018-q2-update.win32_1.0.0.201904181610/tools/bin/../lib/gcc/arm-none-eabi/7.3.1/thumb/v7e-m/fpv4-sp/hard/crtbegin.o
 *(.text*)
 .text.main     0x00000000080001c8       0x90 Core/Src/main.o
                0x00000000080001c8                main
 .text.SystemClock_Config
                0x0000000008000258       0xbc Core/Src/main.o
                0x0000000008000258                SystemClock_Config
 .text.MX_I2C1_Init
                0x0000000008000314       0x7c Core/Src/main.o
 .text.MX_GPIO_Init
                0x0000000008000390       0x60 Core/Src/main.o
 .text.Error_Handler
                0x00000000080003f0        0xe Core/Src/main.o
                0x00000000080003f0                Error_Handler
 .text.ssd1306_Reset
                0x00000000080003fe        0xe Core/Src/ssd1306.o
                0x00000000080003fe                ssd1306_Reset
 .text.ssd1306_WriteCommand
                0x000000000800040c       0x30 Core/Src/ssd1306.o
                0x000000000800040c                ssd1306_WriteCommand
 .text.ssd1306_Init
                0x000000000800043c       0xf8 Core/Src/ssd1306.o
                0x000000000800043c                ssd1306_Init
 .text.ssd1306_Fill
                0x0000000008000534       0x44 Core/Src/ssd1306.o
                0x0000000008000534                ssd1306_Fill
 .text.ssd1306_UpdateScreen
                0x0000000008000578       0x30 Core/Src/ssd1306.o
                0x0000000008000578                ssd1306_UpdateScreen
 .text.ssd1306_DrawPixel
                0x00000000080005a8       0xc0 Core/Src/ssd1306.o
                0x00000000080005a8                ssd1306_DrawPixel
 .text.ssd1306_WriteChar
                0x0000000008000668      0x110 Core/Src/ssd1306.o
                0x0000000008000668                ssd1306_WriteChar
 .text.ssd1306_DrawImage
                0x0000000008000778       0x9c Core/Src/ssd1306.o
                0x0000000008000778                ssd1306_DrawImage
 .text.ssd1306_WriteString
                0x0000000008000814       0x4c Core/Src/ssd1306.o
                0x0000000008000814                ssd1306_WriteString
 .text.ssd1306_SetCursor
                0x0000000008000860       0x30 Core/Src/ssd1306.o
                0x0000000008000860                ssd1306_SetCursor
 .text.HAL_MspInit
                0x0000000008000890       0x48 Core/Src/stm32f3xx_hal_msp.o
                0x0000000008000890                HAL_MspInit
 .text.HAL_I2C_MspInit
                0x00000000080008d8       0x88 Core/Src/stm32f3xx_hal_msp.o
                0x00000000080008d8                HAL_I2C_MspInit
 .text.NMI_Handler
                0x0000000008000960        0xe Core/Src/stm32f3xx_it.o
                0x0000000008000960                NMI_Handler
 .text.HardFault_Handler
                0x000000000800096e        0x6 Core/Src/stm32f3xx_it.o
                0x000000000800096e                HardFault_Handler
 .text.MemManage_Handler
                0x0000000008000974        0x6 Core/Src/stm32f3xx_it.o
                0x0000000008000974                MemManage_Handler
 .text.BusFault_Handler
                0x000000000800097a        0x6 Core/Src/stm32f3xx_it.o
                0x000000000800097a                BusFault_Handler
 .text.UsageFault_Handler
                0x0000000008000980        0x6 Core/Src/stm32f3xx_it.o
                0x0000000008000980                UsageFault_Handler
 .text.SVC_Handler
                0x0000000008000986        0xe Core/Src/stm32f3xx_it.o
                0x0000000008000986                SVC_Handler
 .text.DebugMon_Handler
                0x0000000008000994        0xe Core/Src/stm32f3xx_it.o
                0x0000000008000994                DebugMon_Handler
 .text.PendSV_Handler
                0x00000000080009a2        0xe Core/Src/stm32f3xx_it.o
                0x00000000080009a2                PendSV_Handler
 .text.SysTick_Handler
                0x00000000080009b0        0xc Core/Src/stm32f3xx_it.o
                0x00000000080009b0                SysTick_Handler
 .text.SystemInit
                0x00000000080009bc       0x2c Core/Src/system_stm32f3xx.o
                0x00000000080009bc                SystemInit
 .text.Reset_Handler
                0x00000000080009e8       0x50 Core/Startup/startup_stm32f303k8tx.o
                0x00000000080009e8                Reset_Handler
 .text.Default_Handler
                0x0000000008000a38        0x2 Core/Startup/startup_stm32f303k8tx.o
                0x0000000008000a38                RTC_Alarm_IRQHandler
                0x0000000008000a38                TIM1_CC_IRQHandler
                0x0000000008000a38                PVD_IRQHandler
                0x0000000008000a38                TAMP_STAMP_IRQHandler
                0x0000000008000a38                EXTI3_IRQHandler
                0x0000000008000a38                EXTI0_IRQHandler
                0x0000000008000a38                FPU_IRQHandler
                0x0000000008000a38                CAN_TX_IRQHandler
                0x0000000008000a38                TIM1_UP_TIM16_IRQHandler
                0x0000000008000a38                ADC1_2_IRQHandler
                0x0000000008000a38                SPI1_IRQHandler
                0x0000000008000a38                CAN_SCE_IRQHandler
                0x0000000008000a38                DMA1_Channel4_IRQHandler
                0x0000000008000a38                USART3_IRQHandler
                0x0000000008000a38                DMA1_Channel7_IRQHandler
                0x0000000008000a38                TIM7_DAC2_IRQHandler
                0x0000000008000a38                CAN_RX1_IRQHandler
                0x0000000008000a38                I2C1_EV_IRQHandler
                0x0000000008000a38                DMA1_Channel6_IRQHandler
                0x0000000008000a38                TIM3_IRQHandler
                0x0000000008000a38                RCC_IRQHandler
                0x0000000008000a38                DMA1_Channel1_IRQHandler
                0x0000000008000a38                Default_Handler
                0x0000000008000a38                EXTI15_10_IRQHandler
                0x0000000008000a38                COMP2_IRQHandler
                0x0000000008000a38                TIM6_DAC1_IRQHandler
                0x0000000008000a38                EXTI9_5_IRQHandler
                0x0000000008000a38                RTC_WKUP_IRQHandler
                0x0000000008000a38                DMA1_Channel5_IRQHandler
                0x0000000008000a38                EXTI4_IRQHandler
                0x0000000008000a38                TIM1_TRG_COM_TIM17_IRQHandler
                0x0000000008000a38                DMA1_Channel3_IRQHandler
                0x0000000008000a38                WWDG_IRQHandler
                0x0000000008000a38                TIM2_IRQHandler
                0x0000000008000a38                EXTI1_IRQHandler
                0x0000000008000a38                COMP4_6_IRQHandler
                0x0000000008000a38                USART2_IRQHandler
                0x0000000008000a38                DMA1_Channel2_IRQHandler
                0x0000000008000a38                FLASH_IRQHandler
                0x0000000008000a38                USART1_IRQHandler
                0x0000000008000a38                CAN_RX0_IRQHandler
                0x0000000008000a38                I2C1_ER_IRQHandler
                0x0000000008000a38                EXTI2_TSC_IRQHandler
                0x0000000008000a38                TIM1_BRK_TIM15_IRQHandler
 *fill*         0x0000000008000a3a        0x2 
 .text.HAL_Init
                0x0000000008000a3c       0x2c Drivers/STM32F3xx_HAL_Driver/Src/stm32f3xx_hal.o
                0x0000000008000a3c                HAL_Init
 .text.HAL_InitTick
                0x0000000008000a68       0x60 Drivers/STM32F3xx_HAL_Driver/Src/stm32f3xx_hal.o
                0x0000000008000a68                HAL_InitTick
 .text.HAL_IncTick
                0x0000000008000ac8       0x28 Drivers/STM32F3xx_HAL_Driver/Src/stm32f3xx_hal.o
                0x0000000008000ac8                HAL_IncTick
 .text.HAL_GetTick
                0x0000000008000af0       0x18 Drivers/STM32F3xx_HAL_Driver/Src/stm32f3xx_hal.o
                0x0000000008000af0                HAL_GetTick
 .text.HAL_Delay
                0x0000000008000b08       0x44 Drivers/STM32F3xx_HAL_Driver/Src/stm32f3xx_hal.o
                0x0000000008000b08                HAL_Delay
 .text.__NVIC_SetPriorityGrouping
                0x0000000008000b4c       0x48 Drivers/STM32F3xx_HAL_Driver/Src/stm32f3xx_hal_cortex.o
 .text.__NVIC_GetPriorityGrouping
                0x0000000008000b94       0x1c Drivers/STM32F3xx_HAL_Driver/Src/stm32f3xx_hal_cortex.o
 .text.__NVIC_SetPriority
                0x0000000008000bb0       0x54 Drivers/STM32F3xx_HAL_Driver/Src/stm32f3xx_hal_cortex.o
 .text.NVIC_EncodePriority
                0x0000000008000c04       0x66 Drivers/STM32F3xx_HAL_Driver/Src/stm32f3xx_hal_cortex.o
 *fill*         0x0000000008000c6a        0x2 
 .text.SysTick_Config
                0x0000000008000c6c       0x44 Drivers/STM32F3xx_HAL_Driver/Src/stm32f3xx_hal_cortex.o
 .text.HAL_NVIC_SetPriorityGrouping
                0x0000000008000cb0       0x16 Drivers/STM32F3xx_HAL_Driver/Src/stm32f3xx_hal_cortex.o
                0x0000000008000cb0                HAL_NVIC_SetPriorityGrouping
 .text.HAL_NVIC_SetPriority
                0x0000000008000cc6       0x38 Drivers/STM32F3xx_HAL_Driver/Src/stm32f3xx_hal_cortex.o
                0x0000000008000cc6                HAL_NVIC_SetPriority
 .text.HAL_SYSTICK_Config
                0x0000000008000cfe       0x18 Drivers/STM32F3xx_HAL_Driver/Src/stm32f3xx_hal_cortex.o
                0x0000000008000cfe                HAL_SYSTICK_Config
 *fill*         0x0000000008000d16        0x2 
 .text.HAL_GPIO_Init
                0x0000000008000d18      0x2e4 Drivers/STM32F3xx_HAL_Driver/Src/stm32f3xx_hal_gpio.o
                0x0000000008000d18                HAL_GPIO_Init
 .text.HAL_I2C_Init
                0x0000000008000ffc      0x11e Drivers/STM32F3xx_HAL_Driver/Src/stm32f3xx_hal_i2c.o
                0x0000000008000ffc                HAL_I2C_Init
 *fill*         0x000000000800111a        0x2 
 .text.HAL_I2C_Mem_Write
                0x000000000800111c      0x228 Drivers/STM32F3xx_HAL_Driver/Src/stm32f3xx_hal_i2c.o
                0x000000000800111c                HAL_I2C_Mem_Write
 .text.I2C_RequestMemoryWrite
                0x0000000008001344       0xa8 Drivers/STM32F3xx_HAL_Driver/Src/stm32f3xx_hal_i2c.o
 .text.I2C_Flush_TXDR
                0x00000000080013ec       0x48 Drivers/STM32F3xx_HAL_Driver/Src/stm32f3xx_hal_i2c.o
 .text.I2C_WaitOnFlagUntilTimeout
                0x0000000008001434       0x80 Drivers/STM32F3xx_HAL_Driver/Src/stm32f3xx_hal_i2c.o
 .text.I2C_WaitOnTXISFlagUntilTimeout
                0x00000000080014b4       0x80 Drivers/STM32F3xx_HAL_Driver/Src/stm32f3xx_hal_i2c.o
 .text.I2C_WaitOnSTOPFlagUntilTimeout
                0x0000000008001534       0x78 Drivers/STM32F3xx_HAL_Driver/Src/stm32f3xx_hal_i2c.o
 .text.I2C_IsAcknowledgeFailed
                0x00000000080015ac       0xcc Drivers/STM32F3xx_HAL_Driver/Src/stm32f3xx_hal_i2c.o
 .text.I2C_TransferConfig
                0x0000000008001678       0x5c Drivers/STM32F3xx_HAL_Driver/Src/stm32f3xx_hal_i2c.o
 .text.HAL_I2CEx_ConfigAnalogFilter
                0x00000000080016d4       0x96 Drivers/STM32F3xx_HAL_Driver/Src/stm32f3xx_hal_i2c_ex.o
                0x00000000080016d4                HAL_I2CEx_ConfigAnalogFilter
 .text.HAL_I2CEx_ConfigDigitalFilter
                0x000000000800176a       0x98 Drivers/STM32F3xx_HAL_Driver/Src/stm32f3xx_hal_i2c_ex.o
                0x000000000800176a                HAL_I2CEx_ConfigDigitalFilter
 *fill*         0x0000000008001802        0x2 
 .text.HAL_RCC_OscConfig
                0x0000000008001804      0xe10 Drivers/STM32F3xx_HAL_Driver/Src/stm32f3xx_hal_rcc.o
                0x0000000008001804                HAL_RCC_OscConfig
 .text.HAL_RCC_ClockConfig
                0x0000000008002614      0x2f8 Drivers/STM32F3xx_HAL_Driver/Src/stm32f3xx_hal_rcc.o
                0x0000000008002614                HAL_RCC_ClockConfig
 .text.HAL_RCC_GetSysClockFreq
                0x000000000800290c       0xd4 Drivers/STM32F3xx_HAL_Driver/Src/stm32f3xx_hal_rcc.o
                0x000000000800290c                HAL_RCC_GetSysClockFreq
 .text.HAL_RCCEx_PeriphCLKConfig
                0x00000000080029e0      0x24c Drivers/STM32F3xx_HAL_Driver/Src/stm32f3xx_hal_rcc_ex.o
                0x00000000080029e0                HAL_RCCEx_PeriphCLKConfig
 .text.__libc_init_array
                0x0000000008002c2c       0x48 d:/stm32/stm32cubeide_1.0.2/stm32cubeide/plugins/com.st.stm32cube.ide.mcu.externaltools.gnu-tools-for-stm32.7-2018-q2-update.win32_1.0.0.201904181610/tools/bin/../lib/gcc/arm-none-eabi/7.3.1/../../../../arm-none-eabi/lib/thumb/v7e-m/fpv4-sp/hard\libc_nano.a(lib_a-init.o)
                0x0000000008002c2c                __libc_init_array
 .text.memset   0x0000000008002c74       0x10 d:/stm32/stm32cubeide_1.0.2/stm32cubeide/plugins/com.st.stm32cube.ide.mcu.externaltools.gnu-tools-for-stm32.7-2018-q2-update.win32_1.0.0.201904181610/tools/bin/../lib/gcc/arm-none-eabi/7.3.1/../../../../arm-none-eabi/lib/thumb/v7e-m/fpv4-sp/hard\libc_nano.a(lib_a-memset.o)
                0x0000000008002c74                memset
 *(.glue_7)
 .glue_7        0x0000000008002c84        0x0 linker stubs
 *(.glue_7t)
 .glue_7t       0x0000000008002c84        0x0 linker stubs
 *(.eh_frame)
 .eh_frame      0x0000000008002c84        0x0 d:/stm32/stm32cubeide_1.0.2/stm32cubeide/plugins/com.st.stm32cube.ide.mcu.externaltools.gnu-tools-for-stm32.7-2018-q2-update.win32_1.0.0.201904181610/tools/bin/../lib/gcc/arm-none-eabi/7.3.1/thumb/v7e-m/fpv4-sp/hard/crtbegin.o
 *(.init)
 .init          0x0000000008002c84        0x4 d:/stm32/stm32cubeide_1.0.2/stm32cubeide/plugins/com.st.stm32cube.ide.mcu.externaltools.gnu-tools-for-stm32.7-2018-q2-update.win32_1.0.0.201904181610/tools/bin/../lib/gcc/arm-none-eabi/7.3.1/thumb/v7e-m/fpv4-sp/hard/crti.o
                0x0000000008002c84                _init
 .init          0x0000000008002c88        0x8 d:/stm32/stm32cubeide_1.0.2/stm32cubeide/plugins/com.st.stm32cube.ide.mcu.externaltools.gnu-tools-for-stm32.7-2018-q2-update.win32_1.0.0.201904181610/tools/bin/../lib/gcc/arm-none-eabi/7.3.1/thumb/v7e-m/fpv4-sp/hard/crtn.o
 *(.fini)
 .fini          0x0000000008002c90        0x4 d:/stm32/stm32cubeide_1.0.2/stm32cubeide/plugins/com.st.stm32cube.ide.mcu.externaltools.gnu-tools-for-stm32.7-2018-q2-update.win32_1.0.0.201904181610/tools/bin/../lib/gcc/arm-none-eabi/7.3.1/thumb/v7e-m/fpv4-sp/hard/crti.o
                0x0000000008002c90                _fini
 .fini          0x0000000008002c94        0x8 d:/stm32/stm32cubeide_1.0.2/stm32cubeide/plugins/com.st.stm32cube.ide.mcu.externaltools.gnu-tools-for-stm32.7-2018-q2-update.win32_1.0.0.201904181610/tools/bin/../lib/gcc/arm-none-eabi/7.3.1/thumb/v7e-m/fpv4-sp/hard/crtn.o
                0x0000000008002c9c                . = ALIGN (0x4)
                0x0000000008002c9c                _etext = .

.vfp11_veneer   0x0000000008002c9c        0x0
 .vfp11_veneer  0x0000000008002c9c        0x0 linker stubs

.v4_bx          0x0000000008002c9c        0x0
 .v4_bx         0x0000000008002c9c        0x0 linker stubs

.iplt           0x0000000008002c9c        0x0
 .iplt          0x0000000008002c9c        0x0 d:/stm32/stm32cubeide_1.0.2/stm32cubeide/plugins/com.st.stm32cube.ide.mcu.externaltools.gnu-tools-for-stm32.7-2018-q2-update.win32_1.0.0.201904181610/tools/bin/../lib/gcc/arm-none-eabi/7.3.1/thumb/v7e-m/fpv4-sp/hard/crtbegin.o

.rodata         0x0000000008002c9c      0xe18
                0x0000000008002c9c                . = ALIGN (0x4)
 *(.rodata)
 .rodata        0x0000000008002c9c        0x4 Core/Src/main.o
 *(.rodata*)
 .rodata.ayb    0x0000000008002ca0       0x80 Core/Src/main.o
                0x0000000008002ca0                ayb
 .rodata.aybImage
                0x0000000008002d20        0x8 Core/Src/main.o
                0x0000000008002d20                aybImage
 .rodata.Font11x18
                0x0000000008002d28      0xd5c Core/Src/ssd1306_fonts.o
 .rodata.AHBPrescTable
                0x0000000008003a84       0x10 Core/Src/system_stm32f3xx.o
                0x0000000008003a84                AHBPrescTable
 .rodata.aPLLMULFactorTable
                0x0000000008003a94       0x10 Drivers/STM32F3xx_HAL_Driver/Src/stm32f3xx_hal_rcc.o
                0x0000000008003a94                aPLLMULFactorTable
 .rodata.aPredivFactorTable
                0x0000000008003aa4       0x10 Drivers/STM32F3xx_HAL_Driver/Src/stm32f3xx_hal_rcc.o
                0x0000000008003aa4                aPredivFactorTable
                0x0000000008003ab4                . = ALIGN (0x4)

.rel.dyn        0x0000000008003ab4        0x0
 .rel.iplt      0x0000000008003ab4        0x0 d:/stm32/stm32cubeide_1.0.2/stm32cubeide/plugins/com.st.stm32cube.ide.mcu.externaltools.gnu-tools-for-stm32.7-2018-q2-update.win32_1.0.0.201904181610/tools/bin/../lib/gcc/arm-none-eabi/7.3.1/thumb/v7e-m/fpv4-sp/hard/crtbegin.o

.ARM.extab      0x0000000008003ab4        0x0
                0x0000000008003ab4                . = ALIGN (0x4)
 *(.ARM.extab* .gnu.linkonce.armextab.*)
                0x0000000008003ab4                . = ALIGN (0x4)

.ARM            0x0000000008003ab4        0x0
                0x0000000008003ab4                . = ALIGN (0x4)
                0x0000000008003ab4                __exidx_start = .
 *(.ARM.exidx*)
                0x0000000008003ab4                __exidx_end = .
                0x0000000008003ab4                . = ALIGN (0x4)

.preinit_array  0x0000000008003ab4        0x0
                0x0000000008003ab4                . = ALIGN (0x4)
                0x0000000008003ab4                PROVIDE (__preinit_array_start = .)
 *(.preinit_array*)
                0x0000000008003ab4                PROVIDE (__preinit_array_end = .)
                0x0000000008003ab4                . = ALIGN (0x4)

.init_array     0x0000000008003ab4        0x4
                0x0000000008003ab4                . = ALIGN (0x4)
                0x0000000008003ab4                PROVIDE (__init_array_start = .)
 *(SORT_BY_NAME(.init_array.*))
 *(.init_array*)
 .init_array    0x0000000008003ab4        0x4 d:/stm32/stm32cubeide_1.0.2/stm32cubeide/plugins/com.st.stm32cube.ide.mcu.externaltools.gnu-tools-for-stm32.7-2018-q2-update.win32_1.0.0.201904181610/tools/bin/../lib/gcc/arm-none-eabi/7.3.1/thumb/v7e-m/fpv4-sp/hard/crtbegin.o
                0x0000000008003ab8                PROVIDE (__init_array_end = .)
                0x0000000008003ab8                . = ALIGN (0x4)

.fini_array     0x0000000008003ab8        0x4
                0x0000000008003ab8                . = ALIGN (0x4)
                [!provide]                        PROVIDE (__fini_array_start = .)
 *(SORT_BY_NAME(.fini_array.*))
 *(.fini_array*)
 .fini_array    0x0000000008003ab8        0x4 d:/stm32/stm32cubeide_1.0.2/stm32cubeide/plugins/com.st.stm32cube.ide.mcu.externaltools.gnu-tools-for-stm32.7-2018-q2-update.win32_1.0.0.201904181610/tools/bin/../lib/gcc/arm-none-eabi/7.3.1/thumb/v7e-m/fpv4-sp/hard/crtbegin.o
                [!provide]                        PROVIDE (__fini_array_end = .)
                0x0000000008003abc                . = ALIGN (0x4)
                0x0000000008003abc                _sidata = LOADADDR (.data)

.data           0x0000000020000000       0x14 load address 0x0000000008003abc
                0x0000000020000000                . = ALIGN (0x4)
                0x0000000020000000                _sdata = .
 *(.data)
 *(.data*)
 .data.Font_11x18
                0x0000000020000000        0x8 Core/Src/ssd1306_fonts.o
                0x0000000020000000                Font_11x18
 .data.SystemCoreClock
                0x0000000020000008        0x4 Core/Src/system_stm32f3xx.o
                0x0000000020000008                SystemCoreClock
 .data.uwTickPrio
                0x000000002000000c        0x4 Drivers/STM32F3xx_HAL_Driver/Src/stm32f3xx_hal.o
                0x000000002000000c                uwTickPrio
 .data.uwTickFreq
                0x0000000020000010        0x1 Drivers/STM32F3xx_HAL_Driver/Src/stm32f3xx_hal.o
                0x0000000020000010                uwTickFreq
                0x0000000020000014                . = ALIGN (0x4)
 *fill*         0x0000000020000011        0x3 
                0x0000000020000014                _edata = .

.igot.plt       0x0000000020000014        0x0 load address 0x0000000008003ad0
 .igot.plt      0x0000000020000014        0x0 d:/stm32/stm32cubeide_1.0.2/stm32cubeide/plugins/com.st.stm32cube.ide.mcu.externaltools.gnu-tools-for-stm32.7-2018-q2-update.win32_1.0.0.201904181610/tools/bin/../lib/gcc/arm-none-eabi/7.3.1/thumb/v7e-m/fpv4-sp/hard/crtbegin.o
                0x0000000020000014                . = ALIGN (0x4)

.bss            0x0000000020000014      0x474 load address 0x0000000008003ad0
                0x0000000020000014                _sbss = .
                0x0000000020000014                __bss_start__ = _sbss
 *(.bss)
 .bss           0x0000000020000014       0x1c d:/stm32/stm32cubeide_1.0.2/stm32cubeide/plugins/com.st.stm32cube.ide.mcu.externaltools.gnu-tools-for-stm32.7-2018-q2-update.win32_1.0.0.201904181610/tools/bin/../lib/gcc/arm-none-eabi/7.3.1/thumb/v7e-m/fpv4-sp/hard/crtbegin.o
 *(.bss*)
 .bss.SSD1306_Buffer
                0x0000000020000030      0x400 Core/Src/ssd1306.o
 .bss.SSD1306   0x0000000020000430        0x6 Core/Src/ssd1306.o
 *(COMMON)
 *fill*         0x0000000020000436        0x2 
 COMMON         0x0000000020000438       0x4c Core/Src/main.o
                0x0000000020000438                hi2c1
 COMMON         0x0000000020000484        0x4 Drivers/STM32F3xx_HAL_Driver/Src/stm32f3xx_hal.o
                0x0000000020000484                uwTick
                0x0000000020000488                . = ALIGN (0x4)
                0x0000000020000488                _ebss = .
                0x0000000020000488                __bss_end__ = _ebss

._user_heap_stack
                0x0000000020000488      0x600 load address 0x0000000008003ad0
                0x0000000020000488                . = ALIGN (0x8)
                0x0000000020000488                PROVIDE (end = .)
                [!provide]                        PROVIDE (_end = .)
                0x0000000020000688                . = (. + _Min_Heap_Size)
 *fill*         0x0000000020000488      0x200 
                0x0000000020000a88                . = (. + _Min_Stack_Size)
 *fill*         0x0000000020000688      0x400 
                0x0000000020000a88                . = ALIGN (0x8)

/DISCARD/
 libc.a(*)
 libm.a(*)
 libgcc.a(*)

.ARM.attributes
                0x0000000000000000       0x30
 *(.ARM.attributes)
 .ARM.attributes
                0x0000000000000000       0x22 d:/stm32/stm32cubeide_1.0.2/stm32cubeide/plugins/com.st.stm32cube.ide.mcu.externaltools.gnu-tools-for-stm32.7-2018-q2-update.win32_1.0.0.201904181610/tools/bin/../lib/gcc/arm-none-eabi/7.3.1/thumb/v7e-m/fpv4-sp/hard/crti.o
 .ARM.attributes
                0x0000000000000022       0x34 d:/stm32/stm32cubeide_1.0.2/stm32cubeide/plugins/com.st.stm32cube.ide.mcu.externaltools.gnu-tools-for-stm32.7-2018-q2-update.win32_1.0.0.201904181610/tools/bin/../lib/gcc/arm-none-eabi/7.3.1/thumb/v7e-m/fpv4-sp/hard/crtbegin.o
 .ARM.attributes
                0x0000000000000056       0x39 Core/Src/main.o
 .ARM.attributes
                0x000000000000008f       0x39 Core/Src/ssd1306.o
 .ARM.attributes
                0x00000000000000c8       0x39 Core/Src/ssd1306_fonts.o
 .ARM.attributes
                0x0000000000000101       0x39 Core/Src/stm32f3xx_hal_msp.o
 .ARM.attributes
                0x000000000000013a       0x39 Core/Src/stm32f3xx_it.o
 .ARM.attributes
                0x0000000000000173       0x39 Core/Src/system_stm32f3xx.o
 .ARM.attributes
                0x00000000000001ac       0x21 Core/Startup/startup_stm32f303k8tx.o
 .ARM.attributes
                0x00000000000001cd       0x39 Drivers/STM32F3xx_HAL_Driver/Src/stm32f3xx_hal.o
 .ARM.attributes
                0x0000000000000206       0x39 Drivers/STM32F3xx_HAL_Driver/Src/stm32f3xx_hal_cortex.o
 .ARM.attributes
                0x000000000000023f       0x39 Drivers/STM32F3xx_HAL_Driver/Src/stm32f3xx_hal_gpio.o
 .ARM.attributes
                0x0000000000000278       0x39 Drivers/STM32F3xx_HAL_Driver/Src/stm32f3xx_hal_i2c.o
 .ARM.attributes
                0x00000000000002b1       0x39 Drivers/STM32F3xx_HAL_Driver/Src/stm32f3xx_hal_i2c_ex.o
 .ARM.attributes
                0x00000000000002ea       0x39 Drivers/STM32F3xx_HAL_Driver/Src/stm32f3xx_hal_rcc.o
 .ARM.attributes
                0x0000000000000323       0x39 Drivers/STM32F3xx_HAL_Driver/Src/stm32f3xx_hal_rcc_ex.o
 .ARM.attributes
                0x000000000000035c       0x34 d:/stm32/stm32cubeide_1.0.2/stm32cubeide/plugins/com.st.stm32cube.ide.mcu.externaltools.gnu-tools-for-stm32.7-2018-q2-update.win32_1.0.0.201904181610/tools/bin/../lib/gcc/arm-none-eabi/7.3.1/../../../../arm-none-eabi/lib/thumb/v7e-m/fpv4-sp/hard\libc_nano.a(lib_a-init.o)
 .ARM.attributes
                0x0000000000000390       0x34 d:/stm32/stm32cubeide_1.0.2/stm32cubeide/plugins/com.st.stm32cube.ide.mcu.externaltools.gnu-tools-for-stm32.7-2018-q2-update.win32_1.0.0.201904181610/tools/bin/../lib/gcc/arm-none-eabi/7.3.1/../../../../arm-none-eabi/lib/thumb/v7e-m/fpv4-sp/hard\libc_nano.a(lib_a-memset.o)
 .ARM.attributes
                0x00000000000003c4       0x22 d:/stm32/stm32cubeide_1.0.2/stm32cubeide/plugins/com.st.stm32cube.ide.mcu.externaltools.gnu-tools-for-stm32.7-2018-q2-update.win32_1.0.0.201904181610/tools/bin/../lib/gcc/arm-none-eabi/7.3.1/thumb/v7e-m/fpv4-sp/hard/crtn.o
OUTPUT(Display_F303.elf elf32-littlearm)

.debug_info     0x0000000000000000     0x900c
 .debug_info    0x0000000000000000      0xaed Core/Src/main.o
 .debug_info    0x0000000000000aed     0x1237 Core/Src/ssd1306.o
 .debug_info    0x0000000000001d24      0x1dd Core/Src/ssd1306_fonts.o
 .debug_info    0x0000000000001f01      0x908 Core/Src/stm32f3xx_hal_msp.o
 .debug_info    0x0000000000002809      0x20d Core/Src/stm32f3xx_it.o
 .debug_info    0x0000000000002a16      0x45c Core/Src/system_stm32f3xx.o
 .debug_info    0x0000000000002e72       0x22 Core/Startup/startup_stm32f303k8tx.o
 .debug_info    0x0000000000002e94      0x758 Drivers/STM32F3xx_HAL_Driver/Src/stm32f3xx_hal.o
 .debug_info    0x00000000000035ec      0xb54 Drivers/STM32F3xx_HAL_Driver/Src/stm32f3xx_hal_cortex.o
 .debug_info    0x0000000000004140      0x7b2 Drivers/STM32F3xx_HAL_Driver/Src/stm32f3xx_hal_gpio.o
 .debug_info    0x00000000000048f2     0x1f65 Drivers/STM32F3xx_HAL_Driver/Src/stm32f3xx_hal_i2c.o
 .debug_info    0x0000000000006857      0x994 Drivers/STM32F3xx_HAL_Driver/Src/stm32f3xx_hal_i2c_ex.o
 .debug_info    0x00000000000071eb     0x180f Drivers/STM32F3xx_HAL_Driver/Src/stm32f3xx_hal_rcc.o
 .debug_info    0x00000000000089fa      0x612 Drivers/STM32F3xx_HAL_Driver/Src/stm32f3xx_hal_rcc_ex.o

.debug_abbrev   0x0000000000000000     0x1807
 .debug_abbrev  0x0000000000000000      0x206 Core/Src/main.o
 .debug_abbrev  0x0000000000000206      0x2e4 Core/Src/ssd1306.o
 .debug_abbrev  0x00000000000004ea       0xb0 Core/Src/ssd1306_fonts.o
 .debug_abbrev  0x000000000000059a      0x197 Core/Src/stm32f3xx_hal_msp.o
 .debug_abbrev  0x0000000000000731       0xc6 Core/Src/stm32f3xx_it.o
 .debug_abbrev  0x00000000000007f7      0x12b Core/Src/system_stm32f3xx.o
 .debug_abbrev  0x0000000000000922       0x12 Core/Startup/startup_stm32f303k8tx.o
 .debug_abbrev  0x0000000000000934      0x1c7 Drivers/STM32F3xx_HAL_Driver/Src/stm32f3xx_hal.o
 .debug_abbrev  0x0000000000000afb      0x2d5 Drivers/STM32F3xx_HAL_Driver/Src/stm32f3xx_hal_cortex.o
 .debug_abbrev  0x0000000000000dd0      0x1c0 Drivers/STM32F3xx_HAL_Driver/Src/stm32f3xx_hal_gpio.o
 .debug_abbrev  0x0000000000000f90      0x22a Drivers/STM32F3xx_HAL_Driver/Src/stm32f3xx_hal_i2c.o
 .debug_abbrev  0x00000000000011ba      0x1b9 Drivers/STM32F3xx_HAL_Driver/Src/stm32f3xx_hal_i2c_ex.o
 .debug_abbrev  0x0000000000001373      0x28c Drivers/STM32F3xx_HAL_Driver/Src/stm32f3xx_hal_rcc.o
 .debug_abbrev  0x00000000000015ff      0x208 Drivers/STM32F3xx_HAL_Driver/Src/stm32f3xx_hal_rcc_ex.o

.debug_aranges  0x0000000000000000      0x770
 .debug_aranges
                0x0000000000000000       0x40 Core/Src/main.o
 .debug_aranges
                0x0000000000000040       0x70 Core/Src/ssd1306.o
 .debug_aranges
                0x00000000000000b0       0x18 Core/Src/ssd1306_fonts.o
 .debug_aranges
                0x00000000000000c8       0x30 Core/Src/stm32f3xx_hal_msp.o
 .debug_aranges
                0x00000000000000f8       0x60 Core/Src/stm32f3xx_it.o
 .debug_aranges
                0x0000000000000158       0x28 Core/Src/system_stm32f3xx.o
 .debug_aranges
                0x0000000000000180       0x28 Core/Startup/startup_stm32f303k8tx.o
 .debug_aranges
                0x00000000000001a8       0xe0 Drivers/STM32F3xx_HAL_Driver/Src/stm32f3xx_hal.o
 .debug_aranges
                0x0000000000000288      0x100 Drivers/STM32F3xx_HAL_Driver/Src/stm32f3xx_hal_cortex.o
 .debug_aranges
                0x0000000000000388       0x58 Drivers/STM32F3xx_HAL_Driver/Src/stm32f3xx_hal_gpio.o
 .debug_aranges
                0x00000000000003e0      0x288 Drivers/STM32F3xx_HAL_Driver/Src/stm32f3xx_hal_i2c.o
 .debug_aranges
                0x0000000000000668       0x48 Drivers/STM32F3xx_HAL_Driver/Src/stm32f3xx_hal_i2c_ex.o
 .debug_aranges
                0x00000000000006b0       0x88 Drivers/STM32F3xx_HAL_Driver/Src/stm32f3xx_hal_rcc.o
 .debug_aranges
                0x0000000000000738       0x38 Drivers/STM32F3xx_HAL_Driver/Src/stm32f3xx_hal_rcc_ex.o

.debug_ranges   0x0000000000000000      0x690
 .debug_ranges  0x0000000000000000       0x30 Core/Src/main.o
 .debug_ranges  0x0000000000000030       0x60 Core/Src/ssd1306.o
 .debug_ranges  0x0000000000000090       0x20 Core/Src/stm32f3xx_hal_msp.o
 .debug_ranges  0x00000000000000b0       0x50 Core/Src/stm32f3xx_it.o
 .debug_ranges  0x0000000000000100       0x18 Core/Src/system_stm32f3xx.o
 .debug_ranges  0x0000000000000118       0x20 Core/Startup/startup_stm32f303k8tx.o
 .debug_ranges  0x0000000000000138       0xd0 Drivers/STM32F3xx_HAL_Driver/Src/stm32f3xx_hal.o
 .debug_ranges  0x0000000000000208       0xf0 Drivers/STM32F3xx_HAL_Driver/Src/stm32f3xx_hal_cortex.o
 .debug_ranges  0x00000000000002f8       0x48 Drivers/STM32F3xx_HAL_Driver/Src/stm32f3xx_hal_gpio.o
 .debug_ranges  0x0000000000000340      0x278 Drivers/STM32F3xx_HAL_Driver/Src/stm32f3xx_hal_i2c.o
 .debug_ranges  0x00000000000005b8       0x38 Drivers/STM32F3xx_HAL_Driver/Src/stm32f3xx_hal_i2c_ex.o
 .debug_ranges  0x00000000000005f0       0x78 Drivers/STM32F3xx_HAL_Driver/Src/stm32f3xx_hal_rcc.o
 .debug_ranges  0x0000000000000668       0x28 Drivers/STM32F3xx_HAL_Driver/Src/stm32f3xx_hal_rcc_ex.o

.debug_macro    0x0000000000000000    0x168c8
 .debug_macro   0x0000000000000000      0x1f1 Core/Src/main.o
 .debug_macro   0x00000000000001f1      0xa5a Core/Src/main.o
 .debug_macro   0x0000000000000c4b      0x14b Core/Src/main.o
 .debug_macro   0x0000000000000d96       0x2e Core/Src/main.o
 .debug_macro   0x0000000000000dc4       0x28 Core/Src/main.o
 .debug_macro   0x0000000000000dec       0x22 Core/Src/main.o
 .debug_macro   0x0000000000000e0e       0x8e Core/Src/main.o
 .debug_macro   0x0000000000000e9c       0x51 Core/Src/main.o
 .debug_macro   0x0000000000000eed       0xef Core/Src/main.o
 .debug_macro   0x0000000000000fdc       0x6a Core/Src/main.o
 .debug_macro   0x0000000000001046      0x1df Core/Src/main.o
 .debug_macro   0x0000000000001225       0x1c Core/Src/main.o
 .debug_macro   0x0000000000001241       0x22 Core/Src/main.o
 .debug_macro   0x0000000000001263       0xdf Core/Src/main.o
 .debug_macro   0x0000000000001342      0xf07 Core/Src/main.o
 .debug_macro   0x0000000000002249    0x10bd9 Core/Src/main.o
 .debug_macro   0x0000000000012e22       0x43 Core/Src/main.o
 .debug_macro   0x0000000000012e65      0x174 Core/Src/main.o
 .debug_macro   0x0000000000012fd9       0x53 Core/Src/main.o
 .debug_macro   0x000000000001302c      0x8f9 Core/Src/main.o
 .debug_macro   0x0000000000013925      0x304 Core/Src/main.o
 .debug_macro   0x0000000000013c29      0x12f Core/Src/main.o
 .debug_macro   0x0000000000013d58      0x11b Core/Src/main.o
 .debug_macro   0x0000000000013e73      0x1d5 Core/Src/main.o
 .debug_macro   0x0000000000014048      0x1bc Core/Src/main.o
 .debug_macro   0x0000000000014204       0x34 Core/Src/main.o
 .debug_macro   0x0000000000014238       0x3c Core/Src/main.o
 .debug_macro   0x0000000000014274       0x57 Core/Src/main.o
 .debug_macro   0x00000000000142cb       0xc5 Core/Src/main.o
 .debug_macro   0x0000000000014390      0x19f Core/Src/main.o
 .debug_macro   0x000000000001452f      0x22c Core/Src/main.o
 .debug_macro   0x000000000001475b       0x58 Core/Src/main.o
 .debug_macro   0x00000000000147b3       0xa5 Core/Src/main.o
 .debug_macro   0x0000000000014858       0x81 Core/Src/main.o
 .debug_macro   0x00000000000148d9       0xd3 Core/Src/main.o
 .debug_macro   0x00000000000149ac      0x285 Core/Src/main.o
 .debug_macro   0x0000000000014c31       0x46 Core/Src/main.o
 .debug_macro   0x0000000000014c77       0x18 Core/Src/main.o
 .debug_macro   0x0000000000014c8f       0x3c Core/Src/main.o
 .debug_macro   0x0000000000014ccb       0x34 Core/Src/main.o
 .debug_macro   0x0000000000014cff       0x10 Core/Src/main.o
 .debug_macro   0x0000000000014d0f       0x46 Core/Src/main.o
 .debug_macro   0x0000000000014d55      0x272 Core/Src/ssd1306.o
 .debug_macro   0x0000000000014fc7       0x40 Core/Src/ssd1306.o
 .debug_macro   0x0000000000015007       0x94 Core/Src/ssd1306.o
 .debug_macro   0x000000000001509b       0x28 Core/Src/ssd1306.o
 .debug_macro   0x00000000000150c3       0x57 Core/Src/ssd1306.o
 .debug_macro   0x000000000001511a       0x52 Core/Src/ssd1306.o
 .debug_macro   0x000000000001516c       0x1f Core/Src/ssd1306.o
 .debug_macro   0x000000000001518b       0x43 Core/Src/ssd1306.o
 .debug_macro   0x00000000000151ce       0x20 Core/Src/ssd1306.o
 .debug_macro   0x00000000000151ee      0x1a3 Core/Src/ssd1306.o
 .debug_macro   0x0000000000015391      0x32a Core/Src/ssd1306.o
 .debug_macro   0x00000000000156bb       0x10 Core/Src/ssd1306.o
 .debug_macro   0x00000000000156cb       0x35 Core/Src/ssd1306.o
 .debug_macro   0x0000000000015700       0x20 Core/Src/ssd1306.o
 .debug_macro   0x0000000000015720       0x6d Core/Src/ssd1306_fonts.o
 .debug_macro   0x000000000001578d      0x19f Core/Src/stm32f3xx_hal_msp.o
 .debug_macro   0x000000000001592c      0x1a9 Core/Src/stm32f3xx_it.o
 .debug_macro   0x0000000000015ad5      0x19b Core/Src/system_stm32f3xx.o
 .debug_macro   0x0000000000015c70      0x1b9 Drivers/STM32F3xx_HAL_Driver/Src/stm32f3xx_hal.o
 .debug_macro   0x0000000000015e29      0x195 Drivers/STM32F3xx_HAL_Driver/Src/stm32f3xx_hal_cortex.o
 .debug_macro   0x0000000000015fbe      0x1cd Drivers/STM32F3xx_HAL_Driver/Src/stm32f3xx_hal_gpio.o
 .debug_macro   0x000000000001618b      0x25a Drivers/STM32F3xx_HAL_Driver/Src/stm32f3xx_hal_i2c.o
 .debug_macro   0x00000000000163e5      0x195 Drivers/STM32F3xx_HAL_Driver/Src/stm32f3xx_hal_i2c_ex.o
 .debug_macro   0x000000000001657a      0x1b9 Drivers/STM32F3xx_HAL_Driver/Src/stm32f3xx_hal_rcc.o
 .debug_macro   0x0000000000016733      0x195 Drivers/STM32F3xx_HAL_Driver/Src/stm32f3xx_hal_rcc_ex.o

.debug_line     0x0000000000000000     0x785a
 .debug_line    0x0000000000000000      0x7cf Core/Src/main.o
 .debug_line    0x00000000000007cf      0x90c Core/Src/ssd1306.o
 .debug_line    0x00000000000010db      0x3a6 Core/Src/ssd1306_fonts.o
 .debug_line    0x0000000000001481      0x673 Core/Src/stm32f3xx_hal_msp.o
 .debug_line    0x0000000000001af4      0x6e8 Core/Src/stm32f3xx_it.o
 .debug_line    0x00000000000021dc      0x662 Core/Src/system_stm32f3xx.o
 .debug_line    0x000000000000283e       0x85 Core/Startup/startup_stm32f303k8tx.o
 .debug_line    0x00000000000028c3      0x81f Drivers/STM32F3xx_HAL_Driver/Src/stm32f3xx_hal.o
 .debug_line    0x00000000000030e2      0x8f6 Drivers/STM32F3xx_HAL_Driver/Src/stm32f3xx_hal_cortex.o
 .debug_line    0x00000000000039d8      0x7c0 Drivers/STM32F3xx_HAL_Driver/Src/stm32f3xx_hal_gpio.o
 .debug_line    0x0000000000004198     0x19b9 Drivers/STM32F3xx_HAL_Driver/Src/stm32f3xx_hal_i2c.o
 .debug_line    0x0000000000005b51      0x788 Drivers/STM32F3xx_HAL_Driver/Src/stm32f3xx_hal_i2c_ex.o
 .debug_line    0x00000000000062d9      0xd97 Drivers/STM32F3xx_HAL_Driver/Src/stm32f3xx_hal_rcc.o
 .debug_line    0x0000000000007070      0x7ea Drivers/STM32F3xx_HAL_Driver/Src/stm32f3xx_hal_rcc_ex.o

.debug_str      0x0000000000000000    0x7d8a5
 .debug_str     0x0000000000000000    0x78a23 Core/Src/main.o
                                      0x78c90 (size before relaxing)
 .debug_str     0x0000000000078a23     0x2d98 Core/Src/ssd1306.o
                                      0x7b807 (size before relaxing)
 .debug_str     0x000000000007b7bb       0x41 Core/Src/ssd1306_fonts.o
                                       0x3c9d (size before relaxing)
 .debug_str     0x000000000007b7fc       0xbb Core/Src/stm32f3xx_hal_msp.o
                                      0x786ad (size before relaxing)
 .debug_str     0x000000000007b8b7       0xbd Core/Src/stm32f3xx_it.o
                                      0x78197 (size before relaxing)
 .debug_str     0x000000000007b974       0xd1 Core/Src/system_stm32f3xx.o
                                      0x781f4 (size before relaxing)
 .debug_str     0x000000000007ba45       0x36 Core/Startup/startup_stm32f303k8tx.o
                                         0x6a (size before relaxing)
 .debug_str     0x000000000007ba7b      0x604 Drivers/STM32F3xx_HAL_Driver/Src/stm32f3xx_hal.o
                                      0x7882e (size before relaxing)
 .debug_str     0x000000000007c07f      0x2c8 Drivers/STM32F3xx_HAL_Driver/Src/stm32f3xx_hal_cortex.o
                                      0x7880f (size before relaxing)
 .debug_str     0x000000000007c347      0x29a Drivers/STM32F3xx_HAL_Driver/Src/stm32f3xx_hal_gpio.o
                                      0x784b8 (size before relaxing)
 .debug_str     0x000000000007c5e1      0xdf1 Drivers/STM32F3xx_HAL_Driver/Src/stm32f3xx_hal_i2c.o
                                      0x793e1 (size before relaxing)
 .debug_str     0x000000000007d3d2       0xf3 Drivers/STM32F3xx_HAL_Driver/Src/stm32f3xx_hal_i2c_ex.o
                                      0x7879d (size before relaxing)
 .debug_str     0x000000000007d4c5      0x308 Drivers/STM32F3xx_HAL_Driver/Src/stm32f3xx_hal_rcc.o
                                      0x7864e (size before relaxing)
 .debug_str     0x000000000007d7cd       0xd8 Drivers/STM32F3xx_HAL_Driver/Src/stm32f3xx_hal_rcc_ex.o
                                      0x78362 (size before relaxing)

.comment        0x0000000000000000       0x7b
 .comment       0x0000000000000000       0x7b Core/Src/main.o
                                         0x7c (size before relaxing)
 .comment       0x000000000000007b       0x7c Core/Src/ssd1306.o
 .comment       0x000000000000007b       0x7c Core/Src/ssd1306_fonts.o
 .comment       0x000000000000007b       0x7c Core/Src/stm32f3xx_hal_msp.o
 .comment       0x000000000000007b       0x7c Core/Src/stm32f3xx_it.o
 .comment       0x000000000000007b       0x7c Core/Src/system_stm32f3xx.o
 .comment       0x000000000000007b       0x7c Drivers/STM32F3xx_HAL_Driver/Src/stm32f3xx_hal.o
 .comment       0x000000000000007b       0x7c Drivers/STM32F3xx_HAL_Driver/Src/stm32f3xx_hal_cortex.o
 .comment       0x000000000000007b       0x7c Drivers/STM32F3xx_HAL_Driver/Src/stm32f3xx_hal_gpio.o
 .comment       0x000000000000007b       0x7c Drivers/STM32F3xx_HAL_Driver/Src/stm32f3xx_hal_i2c.o
 .comment       0x000000000000007b       0x7c Drivers/STM32F3xx_HAL_Driver/Src/stm32f3xx_hal_i2c_ex.o
 .comment       0x000000000000007b       0x7c Drivers/STM32F3xx_HAL_Driver/Src/stm32f3xx_hal_rcc.o
 .comment       0x000000000000007b       0x7c Drivers/STM32F3xx_HAL_Driver/Src/stm32f3xx_hal_rcc_ex.o

.debug_frame    0x0000000000000000     0x1cb0
 .debug_frame   0x0000000000000000       0xb8 Core/Src/main.o
 .debug_frame   0x00000000000000b8      0x1a0 Core/Src/ssd1306.o
 .debug_frame   0x0000000000000258       0x80 Core/Src/stm32f3xx_hal_msp.o
 .debug_frame   0x00000000000002d8      0x10c Core/Src/stm32f3xx_it.o
 .debug_frame   0x00000000000003e4       0x58 Core/Src/system_stm32f3xx.o
 .debug_frame   0x000000000000043c      0x334 Drivers/STM32F3xx_HAL_Driver/Src/stm32f3xx_hal.o
 .debug_frame   0x0000000000000770      0x428 Drivers/STM32F3xx_HAL_Driver/Src/stm32f3xx_hal_cortex.o
 .debug_frame   0x0000000000000b98      0x14c Drivers/STM32F3xx_HAL_Driver/Src/stm32f3xx_hal_gpio.o
 .debug_frame   0x0000000000000ce4      0xbbc Drivers/STM32F3xx_HAL_Driver/Src/stm32f3xx_hal_i2c.o
 .debug_frame   0x00000000000018a0      0x100 Drivers/STM32F3xx_HAL_Driver/Src/stm32f3xx_hal_i2c_ex.o
 .debug_frame   0x00000000000019a0      0x214 Drivers/STM32F3xx_HAL_Driver/Src/stm32f3xx_hal_rcc.o
 .debug_frame   0x0000000000001bb4       0xb0 Drivers/STM32F3xx_HAL_Driver/Src/stm32f3xx_hal_rcc_ex.o
 .debug_frame   0x0000000000001c64       0x2c d:/stm32/stm32cubeide_1.0.2/stm32cubeide/plugins/com.st.stm32cube.ide.mcu.externaltools.gnu-tools-for-stm32.7-2018-q2-update.win32_1.0.0.201904181610/tools/bin/../lib/gcc/arm-none-eabi/7.3.1/../../../../arm-none-eabi/lib/thumb/v7e-m/fpv4-sp/hard\libc_nano.a(lib_a-init.o)
 .debug_frame   0x0000000000001c90       0x20 d:/stm32/stm32cubeide_1.0.2/stm32cubeide/plugins/com.st.stm32cube.ide.mcu.externaltools.gnu-tools-for-stm32.7-2018-q2-update.win32_1.0.0.201904181610/tools/bin/../lib/gcc/arm-none-eabi/7.3.1/../../../../arm-none-eabi/lib/thumb/v7e-m/fpv4-sp/hard\libc_nano.a(lib_a-memset.o)
