Archive member included to satisfy reference by file (symbol)

d:/stm32/gcc-arm/bin/../lib/gcc/arm-none-eabi/5.4.1/../../../../arm-none-eabi/lib/armv7-m\libc_nano.a(lib_a-exit.o)
                              d:/stm32/gcc-arm/bin/../lib/gcc/arm-none-eabi/5.4.1/../../../../arm-none-eabi/lib/armv7-m/crt0.o (exit)
d:/stm32/gcc-arm/bin/../lib/gcc/arm-none-eabi/5.4.1/../../../../arm-none-eabi/lib/armv7-m\libc_nano.a(lib_a-impure.o)
                              d:/stm32/gcc-arm/bin/../lib/gcc/arm-none-eabi/5.4.1/../../../../arm-none-eabi/lib/armv7-m\libc_nano.a(lib_a-exit.o) (_global_impure_ptr)
d:/stm32/gcc-arm/bin/../lib/gcc/arm-none-eabi/5.4.1/../../../../arm-none-eabi/lib/armv7-m\libc_nano.a(lib_a-init.o)
                              d:/stm32/gcc-arm/bin/../lib/gcc/arm-none-eabi/5.4.1/../../../../arm-none-eabi/lib/armv7-m/crt0.o (__libc_init_array)
d:/stm32/gcc-arm/bin/../lib/gcc/arm-none-eabi/5.4.1/../../../../arm-none-eabi/lib/armv7-m\libc_nano.a(lib_a-memset.o)
                              d:/stm32/gcc-arm/bin/../lib/gcc/arm-none-eabi/5.4.1/../../../../arm-none-eabi/lib/armv7-m/crt0.o (memset)
d:/stm32/gcc-arm/bin/../lib/gcc/arm-none-eabi/5.4.1/../../../../arm-none-eabi/lib/armv7-m\libc_nano.a(lib_a-sprintf.o)
                              build/comms.o (sprintf)
d:/stm32/gcc-arm/bin/../lib/gcc/arm-none-eabi/5.4.1/../../../../arm-none-eabi/lib/armv7-m\libc_nano.a(lib_a-strlen.o)
                              build/comms.o (strlen)
d:/stm32/gcc-arm/bin/../lib/gcc/arm-none-eabi/5.4.1/../../../../arm-none-eabi/lib/armv7-m\libc_nano.a(lib_a-nano-svfprintf.o)
                              d:/stm32/gcc-arm/bin/../lib/gcc/arm-none-eabi/5.4.1/../../../../arm-none-eabi/lib/armv7-m\libc_nano.a(lib_a-sprintf.o) (_svfprintf_r)
d:/stm32/gcc-arm/bin/../lib/gcc/arm-none-eabi/5.4.1/../../../../arm-none-eabi/lib/armv7-m\libc_nano.a(lib_a-nano-vfprintf_i.o)
                              d:/stm32/gcc-arm/bin/../lib/gcc/arm-none-eabi/5.4.1/../../../../arm-none-eabi/lib/armv7-m\libc_nano.a(lib_a-nano-svfprintf.o) (_printf_i)
d:/stm32/gcc-arm/bin/../lib/gcc/arm-none-eabi/5.4.1/../../../../arm-none-eabi/lib/armv7-m\libc_nano.a(lib_a-memchr-stub.o)
                              d:/stm32/gcc-arm/bin/../lib/gcc/arm-none-eabi/5.4.1/../../../../arm-none-eabi/lib/armv7-m\libc_nano.a(lib_a-nano-svfprintf.o) (memchr)
d:/stm32/gcc-arm/bin/../lib/gcc/arm-none-eabi/5.4.1/../../../../arm-none-eabi/lib/armv7-m\libc_nano.a(lib_a-memcpy-stub.o)
                              d:/stm32/gcc-arm/bin/../lib/gcc/arm-none-eabi/5.4.1/../../../../arm-none-eabi/lib/armv7-m\libc_nano.a(lib_a-nano-svfprintf.o) (memcpy)
d:/stm32/gcc-arm/bin/../lib/gcc/arm-none-eabi/5.4.1/../../../../arm-none-eabi/lib/armv7-m\libc_nano.a(lib_a-memmove.o)
                              d:/stm32/gcc-arm/bin/../lib/gcc/arm-none-eabi/5.4.1/../../../../arm-none-eabi/lib/armv7-m\libc_nano.a(lib_a-nano-svfprintf.o) (memmove)
d:/stm32/gcc-arm/bin/../lib/gcc/arm-none-eabi/5.4.1/../../../../arm-none-eabi/lib/armv7-m\libc_nano.a(lib_a-nano-freer.o)
                              d:/stm32/gcc-arm/bin/../lib/gcc/arm-none-eabi/5.4.1/../../../../arm-none-eabi/lib/armv7-m\libc_nano.a(lib_a-nano-svfprintf.o) (_free_r)
d:/stm32/gcc-arm/bin/../lib/gcc/arm-none-eabi/5.4.1/../../../../arm-none-eabi/lib/armv7-m\libc_nano.a(lib_a-nano-mallocr.o)
                              d:/stm32/gcc-arm/bin/../lib/gcc/arm-none-eabi/5.4.1/../../../../arm-none-eabi/lib/armv7-m\libc_nano.a(lib_a-nano-svfprintf.o) (_malloc_r)
d:/stm32/gcc-arm/bin/../lib/gcc/arm-none-eabi/5.4.1/../../../../arm-none-eabi/lib/armv7-m\libc_nano.a(lib_a-nano-reallocr.o)
                              d:/stm32/gcc-arm/bin/../lib/gcc/arm-none-eabi/5.4.1/../../../../arm-none-eabi/lib/armv7-m\libc_nano.a(lib_a-nano-svfprintf.o) (_realloc_r)
d:/stm32/gcc-arm/bin/../lib/gcc/arm-none-eabi/5.4.1/../../../../arm-none-eabi/lib/armv7-m\libc_nano.a(lib_a-sbrkr.o)
                              d:/stm32/gcc-arm/bin/../lib/gcc/arm-none-eabi/5.4.1/../../../../arm-none-eabi/lib/armv7-m\libc_nano.a(lib_a-nano-mallocr.o) (_sbrk_r)
d:/stm32/gcc-arm/bin/../lib/gcc/arm-none-eabi/5.4.1/../../../../arm-none-eabi/lib/armv7-m\libc_nano.a(lib_a-mlock.o)
                              d:/stm32/gcc-arm/bin/../lib/gcc/arm-none-eabi/5.4.1/../../../../arm-none-eabi/lib/armv7-m\libc_nano.a(lib_a-nano-freer.o) (__malloc_lock)
d:/stm32/gcc-arm/bin/../lib/gcc/arm-none-eabi/5.4.1/../../../../arm-none-eabi/lib/armv7-m\libc_nano.a(lib_a-nano-msizer.o)
                              d:/stm32/gcc-arm/bin/../lib/gcc/arm-none-eabi/5.4.1/../../../../arm-none-eabi/lib/armv7-m\libc_nano.a(lib_a-nano-reallocr.o) (_malloc_usable_size_r)
d:/stm32/gcc-arm/bin/../lib/gcc/arm-none-eabi/5.4.1/../../../../arm-none-eabi/lib/armv7-m\libc_nano.a(lib_a-reent.o)
                              d:/stm32/gcc-arm/bin/../lib/gcc/arm-none-eabi/5.4.1/../../../../arm-none-eabi/lib/armv7-m\libc_nano.a(lib_a-sbrkr.o) (errno)
[...]
Memory Configuration

Name             Origin             Length             Attributes
RAM              0x20000000         0x0000c000         xrw
FLASH            0x08000000         0x00040000         xr
*default*        0x00000000         0xffffffff

Linker script and memory map

LOAD d:/stm32/gcc-arm/bin/../lib/gcc/arm-none-eabi/5.4.1/armv7-m/crti.o
LOAD d:/stm32/gcc-arm/bin/../lib/gcc/arm-none-eabi/5.4.1/armv7-m/crtbegin.o
LOAD d:/stm32/gcc-arm/bin/../lib/gcc/arm-none-eabi/5.4.1/../../../../arm-none-eabi/lib/armv7-m/crt0.o
LOAD build/stm32f1xx_hal_flash.o
LOAD build/stm32f1xx_hal_pwr.o
LOAD build/stm32f1xx_hal_rcc.o
LOAD build/stm32f1xx_hal_tim.o
LOAD build/stm32f1xx_hal_tim_ex.o
LOAD build/stm32f1xx_hal_gpio_ex.o
LOAD build/stm32f1xx_hal_adc_ex.o
LOAD build/stm32f1xx_hal_cortex.o
LOAD build/stm32f1xx_hal_flash_ex.o
LOAD build/stm32f1xx_hal_gpio.o
LOAD build/stm32f1xx_hal_rcc_ex.o
LOAD build/stm32f1xx_hal.o
LOAD build/stm32f1xx_hal_adc.o
LOAD build/stm32f1xx_hal_uart.o
LOAD build/stm32f1xx_hal_i2c.o
LOAD build/stm32f1xx_hal_dma.o
LOAD build/system_stm32f1xx.o
LOAD build/setup.o
LOAD build/control.o
LOAD build/main.o
LOAD build/bldc.o
LOAD build/comms.o
LOAD build/stm32f1xx_it.o
LOAD build/startup_stm32f103xe.o
LOAD d:/stm32/gcc-arm/bin/../lib/gcc/arm-none-eabi/5.4.1/../../../../arm-none-eabi/lib/armv7-m\libc_nano.a
LOAD d:/stm32/gcc-arm/bin/../lib/gcc/arm-none-eabi/5.4.1/../../../../arm-none-eabi/lib/armv7-m\libm.a
LOAD d:/stm32/gcc-arm/bin/../lib/gcc/arm-none-eabi/5.4.1/../../../../arm-none-eabi/lib/armv7-m\libnosys.a
START GROUP
LOAD d:/stm32/gcc-arm/bin/../lib/gcc/arm-none-eabi/5.4.1/armv7-m\libgcc.a
LOAD d:/stm32/gcc-arm/bin/../lib/gcc/arm-none-eabi/5.4.1/../../../../arm-none-eabi/lib/armv7-m\libc_nano.a
END GROUP
START GROUP
LOAD d:/stm32/gcc-arm/bin/../lib/gcc/arm-none-eabi/5.4.1/armv7-m\libgcc.a
LOAD d:/stm32/gcc-arm/bin/../lib/gcc/arm-none-eabi/5.4.1/../../../../arm-none-eabi/lib/armv7-m\libc_nano.a
END GROUP
LOAD d:/stm32/gcc-arm/bin/../lib/gcc/arm-none-eabi/5.4.1/armv7-m/crtend.o
LOAD d:/stm32/gcc-arm/bin/../lib/gcc/arm-none-eabi/5.4.1/armv7-m/crtn.o
                0x2000c000                _estack = 0x2000c000
                0x00000200                _Min_Heap_Size = 0x200
                0x00000400                _Min_Stack_Size = 0x400

.isr_vector     0x08000000      0x1e4
                0x08000000                . = ALIGN (0x4)
 *(.isr_vector)
 .isr_vector    0x08000000      0x1e4 build/startup_stm32f103xe.o
                0x08000000                g_pfnVectors
                0x080001e4                . = ALIGN (0x4)

.text           0x080001e8     0x4be4
                0x080001e8                . = ALIGN (0x4)
 *(.text)
 .text          0x080001e8       0x5c d:/stm32/gcc-arm/bin/../lib/gcc/arm-none-eabi/5.4.1/armv7-m/crtbegin.o
 .text          0x08000244       0x10 d:/stm32/gcc-arm/bin/../lib/gcc/arm-none-eabi/5.4.1/../../../../arm-none-eabi/lib/armv7-m\libc_nano.a(lib_a-strlen.o)
                0x08000244                strlen
 .text          0x08000254      0x370 d:/stm32/gcc-arm/bin/../lib/gcc/arm-none-eabi/5.4.1/armv7-m\libgcc.a(_arm_addsubdf3.o)
                0x08000254                __aeabi_drsub
                0x0800025c                __aeabi_dsub
                0x0800025c                __subdf3
                0x08000260                __aeabi_dadd
                0x08000260                __adddf3
                0x080004d8                __floatunsidf
                0x080004d8                __aeabi_ui2d
                0x080004f8                __floatsidf
                0x080004f8                __aeabi_i2d
                0x0800051c                __aeabi_f2d
                0x0800051c                __extendsfdf2
                0x08000558                __floatundidf
                0x08000558                __aeabi_ul2d
                0x08000568                __floatdidf
                0x08000568                __aeabi_l2d
 .text          0x080005c4      0x424 d:/stm32/gcc-arm/bin/../lib/gcc/arm-none-eabi/5.4.1/armv7-m\libgcc.a(_arm_muldivdf3.o)
                0x080005c4                __aeabi_dmul
                0x080005c4                __muldf3
                0x08000818                __divdf3
                0x08000818                __aeabi_ddiv
 .text          0x080009e8      0x110 d:/stm32/gcc-arm/bin/../lib/gcc/arm-none-eabi/5.4.1/armv7-m\libgcc.a(_arm_cmpdf2.o)
                0x080009e8                __gtdf2
                0x080009e8                __gedf2
                0x080009f0                __ltdf2
                0x080009f0                __ledf2
                0x080009f8                __nedf2
                0x080009f8                __eqdf2
                0x080009f8                __cmpdf2
                0x08000a74                __aeabi_cdrcmple
                0x08000a84                __aeabi_cdcmpeq
                0x08000a84                __aeabi_cdcmple
                0x08000a94                __aeabi_dcmpeq
                0x08000aa8                __aeabi_dcmplt
                0x08000abc                __aeabi_dcmple
                0x08000ad0                __aeabi_dcmpge
                0x08000ae4                __aeabi_dcmpgt
 .text          0x08000af8       0x50 d:/stm32/gcc-arm/bin/../lib/gcc/arm-none-eabi/5.4.1/armv7-m\libgcc.a(_arm_fixdfsi.o)
                0x08000af8                __aeabi_d2iz
                0x08000af8                __fixdfsi
 .text          0x08000b48       0xa0 d:/stm32/gcc-arm/bin/../lib/gcc/arm-none-eabi/5.4.1/armv7-m\libgcc.a(_arm_truncdfsf2.o)
                0x08000b48                __truncdfsf2
                0x08000b48                __aeabi_d2f
 .text          0x08000be8      0x21c d:/stm32/gcc-arm/bin/../lib/gcc/arm-none-eabi/5.4.1/armv7-m\libgcc.a(_arm_addsubsf3.o)
                0x08000be8                __aeabi_frsub
                0x08000bf0                __subsf3
                0x08000bf0                __aeabi_fsub
                0x08000bf4                __aeabi_fadd
                0x08000bf4                __addsf3
                0x08000d54                __aeabi_ui2f
                0x08000d54                __floatunsisf
                0x08000d5c                __aeabi_i2f
                0x08000d5c                __floatsisf
                0x08000d78                __aeabi_ul2f
                0x08000d78                __floatundisf
                0x08000d88                __aeabi_l2f
                0x08000d88                __floatdisf
 .text          0x08000e04      0x2a0 d:/stm32/gcc-arm/bin/../lib/gcc/arm-none-eabi/5.4.1/armv7-m\libgcc.a(_arm_muldivsf3.o)
                0x08000e04                __mulsf3
                0x08000e04                __aeabi_fmul
                0x08000f6c                __aeabi_fdiv
                0x08000f6c                __divsf3
 .text          0x080010a4       0xec d:/stm32/gcc-arm/bin/../lib/gcc/arm-none-eabi/5.4.1/armv7-m\libgcc.a(_arm_cmpsf2.o)
                0x080010a4                __gesf2
                0x080010a4                __gtsf2
                0x080010ac                __lesf2
                0x080010ac                __ltsf2
                0x080010b4                __nesf2
                0x080010b4                __eqsf2
                0x080010b4                __cmpsf2
                0x08001114                __aeabi_cfrcmple
                0x0800111c                __aeabi_cfcmpeq
                0x0800111c                __aeabi_cfcmple
                0x0800112c                __aeabi_fcmpeq
                0x08001140                __aeabi_fcmplt
                0x08001154                __aeabi_fcmple
                0x08001168                __aeabi_fcmpge
                0x0800117c                __aeabi_fcmpgt
 .text          0x08001190       0x4c d:/stm32/gcc-arm/bin/../lib/gcc/arm-none-eabi/5.4.1/armv7-m\libgcc.a(_arm_fixsfsi.o)
                0x08001190                __aeabi_f2iz
                0x08001190                __fixsfsi
 *(.text*)
 .text.RCC_Delay
                0x080011dc       0x2c build/stm32f1xx_hal_rcc.o
 .text.HAL_RCC_OscConfig
                0x08001208      0x400 build/stm32f1xx_hal_rcc.o
                0x08001208                HAL_RCC_OscConfig
 .text.HAL_RCC_GetSysClockFreq
                0x08001608       0x70 build/stm32f1xx_hal_rcc.o
                0x08001608                HAL_RCC_GetSysClockFreq
 .text.HAL_RCC_ClockConfig
                0x08001678      0x184 build/stm32f1xx_hal_rcc.o
                0x08001678                HAL_RCC_ClockConfig
 .text.HAL_RCC_GetHCLKFreq
                0x080017fc        0xc build/stm32f1xx_hal_rcc.o
                0x080017fc                HAL_RCC_GetHCLKFreq
 .text.HAL_RCC_GetPCLK1Freq
                0x08001808       0x20 build/stm32f1xx_hal_rcc.o
                0x08001808                HAL_RCC_GetPCLK1Freq
 .text.HAL_RCC_GetPCLK2Freq
                0x08001828       0x20 build/stm32f1xx_hal_rcc.o
                0x08001828                HAL_RCC_GetPCLK2Freq
 .text.TIM_OC1_SetConfig
                0x08001848       0x68 build/stm32f1xx_hal_tim.o
 .text.TIM_OC3_SetConfig
                0x080018b0       0x70 build/stm32f1xx_hal_tim.o
 .text.TIM_OC4_SetConfig
                0x08001920       0x50 build/stm32f1xx_hal_tim.o
 .text.TIM_TI1_ConfigInputStage
                0x08001970       0x24 build/stm32f1xx_hal_tim.o
 .text.TIM_TI2_ConfigInputStage
                0x08001994       0x28 build/stm32f1xx_hal_tim.o
 .text.TIM_ETR_SetConfig
                0x080019bc       0x18 build/stm32f1xx_hal_tim.o
 .text.TIM_SlaveTimer_SetConfig
                0x080019d4       0x78 build/stm32f1xx_hal_tim.o
 .text.HAL_TIM_PWM_MspInit
                0x08001a4c        0x4 build/stm32f1xx_hal_tim.o
                0x08001a4c                HAL_TIM_PWM_MspInit
 .text.HAL_TIM_SlaveConfigSynchronization
                0x08001a50       0x40 build/stm32f1xx_hal_tim.o
                0x08001a50                HAL_TIM_SlaveConfigSynchronization
 .text.TIM_Base_SetConfig
                0x08001a90       0x98 build/stm32f1xx_hal_tim.o
                0x08001a90                TIM_Base_SetConfig
 .text.HAL_TIM_PWM_Init
                0x08001b28       0x38 build/stm32f1xx_hal_tim.o
                0x08001b28                HAL_TIM_PWM_Init
 .text.TIM_OC2_SetConfig
                0x08001b60       0x70 build/stm32f1xx_hal_tim.o
                0x08001b60                TIM_OC2_SetConfig
 .text.HAL_TIM_PWM_ConfigChannel
                0x08001bd0       0xdc build/stm32f1xx_hal_tim.o
                0x08001bd0                HAL_TIM_PWM_ConfigChannel
 .text.TIM_CCxChannelCmd
                0x08001cac       0x1c build/stm32f1xx_hal_tim.o
                0x08001cac                TIM_CCxChannelCmd
 .text.HAL_TIM_PWM_Start
                0x08001cc8       0x44 build/stm32f1xx_hal_tim.o
                0x08001cc8                HAL_TIM_PWM_Start
 .text.TIM_CCxNChannelCmd
                0x08001d0c       0x1c build/stm32f1xx_hal_tim_ex.o
 .text.HAL_TIMEx_PWMN_Start
                0x08001d28       0x24 build/stm32f1xx_hal_tim_ex.o
                0x08001d28                HAL_TIMEx_PWMN_Start
 .text.HAL_TIMEx_ConfigBreakDeadTime
                0x08001d4c       0x58 build/stm32f1xx_hal_tim_ex.o
                0x08001d4c                HAL_TIMEx_ConfigBreakDeadTime
 .text.HAL_TIMEx_MasterConfigSynchronization
                0x08001da4       0x54 build/stm32f1xx_hal_tim_ex.o
                0x08001da4                HAL_TIMEx_MasterConfigSynchronization
 .text.HAL_ADCEx_MultiModeConfigChannel
                0x08001df8       0x68 build/stm32f1xx_hal_adc_ex.o
                0x08001df8                HAL_ADCEx_MultiModeConfigChannel
 .text.HAL_NVIC_SetPriorityGrouping
                0x08001e60       0x24 build/stm32f1xx_hal_cortex.o
                0x08001e60                HAL_NVIC_SetPriorityGrouping
 .text.HAL_NVIC_SetPriority
                0x08001e84       0x64 build/stm32f1xx_hal_cortex.o
                0x08001e84                HAL_NVIC_SetPriority
 .text.HAL_NVIC_EnableIRQ
                0x08001ee8       0x18 build/stm32f1xx_hal_cortex.o
                0x08001ee8                HAL_NVIC_EnableIRQ
 .text.HAL_SYSTICK_Config
                0x08001f00       0x2c build/stm32f1xx_hal_cortex.o
                0x08001f00                HAL_SYSTICK_Config
 .text.HAL_SYSTICK_CLKSourceConfig
                0x08001f2c       0x20 build/stm32f1xx_hal_cortex.o
                0x08001f2c                HAL_SYSTICK_CLKSourceConfig
 .text.HAL_SYSTICK_Callback
                0x08001f4c        0x4 build/stm32f1xx_hal_cortex.o
                0x08001f4c                HAL_SYSTICK_Callback
 .text.HAL_SYSTICK_IRQHandler
                0x08001f50        0x8 build/stm32f1xx_hal_cortex.o
                0x08001f50                HAL_SYSTICK_IRQHandler
 .text.HAL_GPIO_Init
                0x08001f58      0x1ec build/stm32f1xx_hal_gpio.o
                0x08001f58                HAL_GPIO_Init
 .text.HAL_GPIO_ReadPin
                0x08002144       0x10 build/stm32f1xx_hal_gpio.o
                0x08002144                HAL_GPIO_ReadPin
 .text.HAL_GPIO_WritePin
                0x08002154        0xc build/stm32f1xx_hal_gpio.o
                0x08002154                HAL_GPIO_WritePin
 .text.HAL_GPIO_TogglePin
                0x08002160        0x8 build/stm32f1xx_hal_gpio.o
                0x08002160                HAL_GPIO_TogglePin
 .text.HAL_RCCEx_PeriphCLKConfig
                0x08002168      0x114 build/stm32f1xx_hal_rcc_ex.o
                0x08002168                HAL_RCCEx_PeriphCLKConfig
 .text.HAL_MspInit
                0x0800227c        0x4 build/stm32f1xx_hal.o
                0x0800227c                HAL_MspInit
 .text.HAL_InitTick
                0x08002280       0x2c build/stm32f1xx_hal.o
                0x08002280                HAL_InitTick
 .text.HAL_Init
                0x080022ac       0x24 build/stm32f1xx_hal.o
                0x080022ac                HAL_Init
 .text.HAL_IncTick
                0x080022d0       0x10 build/stm32f1xx_hal.o
                0x080022d0                HAL_IncTick
 .text.HAL_GetTick
                0x080022e0        0xc build/stm32f1xx_hal.o
                0x080022e0                HAL_GetTick
 .text.HAL_Delay
                0x080022ec       0x24 build/stm32f1xx_hal.o
                0x080022ec                HAL_Delay
 .text.HAL_ADC_MspInit
                0x08002310        0x4 build/stm32f1xx_hal_adc.o
                0x08002310                HAL_ADC_MspInit
 .text.HAL_ADC_ConfigChannel
                0x08002314      0x138 build/stm32f1xx_hal_adc.o
                0x08002314                HAL_ADC_ConfigChannel
 .text.ADC_Enable
                0x0800244c       0x80 build/stm32f1xx_hal_adc.o
                0x0800244c                ADC_Enable
 .text.HAL_ADC_Start
                0x080024cc       0xf8 build/stm32f1xx_hal_adc.o
                0x080024cc                HAL_ADC_Start
 .text.ADC_ConversionStop_Disable
                0x080025c4       0x50 build/stm32f1xx_hal_adc.o
                0x080025c4                ADC_ConversionStop_Disable
 .text.HAL_ADC_Init
                0x08002614      0x128 build/stm32f1xx_hal_adc.o
                0x08002614                HAL_ADC_Init
 .text.UART_EndTxTransfer
                0x0800273c       0x14 build/stm32f1xx_hal_uart.o
 .text.UART_EndRxTransfer
                0x08002750       0x1c build/stm32f1xx_hal_uart.o
 .text.UART_SetConfig
                0x0800276c      0x1bc build/stm32f1xx_hal_uart.o
 .text.HAL_UART_MspInit
                0x08002928        0x4 build/stm32f1xx_hal_uart.o
                0x08002928                HAL_UART_MspInit
 .text.HAL_UART_Init
                0x0800292c       0x64 build/stm32f1xx_hal_uart.o
                0x0800292c                HAL_UART_Init
 .text.HAL_UART_Receive_DMA
                0x08002990       0xa8 build/stm32f1xx_hal_uart.o
                0x08002990                HAL_UART_Receive_DMA
 .text.HAL_UART_DMAStop
                0x08002a38       0x5c build/stm32f1xx_hal_uart.o
                0x08002a38                HAL_UART_DMAStop
 .text.HAL_UART_RxCpltCallback
                0x08002a94        0x4 build/stm32f1xx_hal_uart.o
                0x08002a94                HAL_UART_RxCpltCallback
 .text.UART_DMAReceiveCplt
                0x08002a98       0x40 build/stm32f1xx_hal_uart.o
 .text.HAL_UART_RxHalfCpltCallback
                0x08002ad8        0x4 build/stm32f1xx_hal_uart.o
                0x08002ad8                HAL_UART_RxHalfCpltCallback
 .text.UART_DMARxHalfCplt
                0x08002adc        0xc build/stm32f1xx_hal_uart.o
 .text.HAL_UART_ErrorCallback
                0x08002ae8        0x4 build/stm32f1xx_hal_uart.o
                0x08002ae8                HAL_UART_ErrorCallback
 .text.UART_DMAError
                0x08002aec       0x50 build/stm32f1xx_hal_uart.o
 .text.DMA_SetConfig
                0x08002b3c       0x2c build/stm32f1xx_hal_dma.o
 .text.HAL_DMA_Init
                0x08002b68       0xa4 build/stm32f1xx_hal_dma.o
                0x08002b68                HAL_DMA_Init
 .text.HAL_DMA_Start_IT
                0x08002c0c       0x74 build/stm32f1xx_hal_dma.o
                0x08002c0c                HAL_DMA_Start_IT
 .text.HAL_DMA_Abort
                0x08002c80       0x30 build/stm32f1xx_hal_dma.o
                0x08002c80                HAL_DMA_Abort
 .text.HAL_DMA_IRQHandler
                0x08002cb0      0x2e4 build/stm32f1xx_hal_dma.o
                0x08002cb0                HAL_DMA_IRQHandler
 .text.SystemInit
                0x08002f94       0x4c build/system_stm32f1xx.o
                0x08002f94                SystemInit
 .text.UART_Control_Init
                0x08002fe0      0x11c build/setup.o
                0x08002fe0                UART_Control_Init
 .text.UART_Init
                0x080030fc       0x98 build/setup.o
                0x080030fc                UART_Init
 .text.MX_GPIO_Init
                0x08003194      0x204 build/setup.o
                0x08003194                MX_GPIO_Init
 .text.MX_TIM_Init
                0x08003398      0x1f0 build/setup.o
                0x08003398                MX_TIM_Init
 .text.MX_ADC1_Init
                0x08003588      0x12c build/setup.o
                0x08003588                MX_ADC1_Init
 .text.MX_ADC2_Init
                0x080036b4       0xb4 build/setup.o
                0x080036b4                MX_ADC2_Init
 .text.poweroff
                0x08003768       0x4c build/main.o
                0x08003768                poweroff
 .text.SystemClock_Config
                0x080037b4       0x74 build/main.o
                0x080037b4                SystemClock_Config
 .text.main     0x08003828      0x484 build/main.o
                0x08003828                main
 *fill*         0x08003cac        0x4 
 .text.DMA1_Channel1_IRQHandler
                0x08003cb0      0x70c build/bldc.o
                0x08003cb0                DMA1_Channel1_IRQHandler
 .text.setScopeChannel
                0x080043bc        0xc build/comms.o
                0x080043bc                setScopeChannel
 .text.consoleScope
                0x080043c8       0x80 build/comms.o
                0x080043c8                consoleScope
 .text.NMI_Handler
                0x08004448        0x4 build/stm32f1xx_it.o
                0x08004448                NMI_Handler
 .text.HardFault_Handler
                0x0800444c        0x4 build/stm32f1xx_it.o
                0x0800444c                HardFault_Handler
 .text.MemManage_Handler
                0x08004450        0x4 build/stm32f1xx_it.o
                0x08004450                MemManage_Handler
 .text.BusFault_Handler
                0x08004454        0x4 build/stm32f1xx_it.o
                0x08004454                BusFault_Handler
 .text.UsageFault_Handler
                0x08004458        0x4 build/stm32f1xx_it.o
                0x08004458                UsageFault_Handler
 .text.SVC_Handler
                0x0800445c        0x4 build/stm32f1xx_it.o
                0x0800445c                SVC_Handler
 .text.DebugMon_Handler
                0x08004460        0x4 build/stm32f1xx_it.o
                0x08004460                DebugMon_Handler
 .text.PendSV_Handler
                0x08004464        0x4 build/stm32f1xx_it.o
                0x08004464                PendSV_Handler
 .text.SysTick_Handler
                0x08004468        0xc build/stm32f1xx_it.o
                0x08004468                SysTick_Handler
 .text.DMA1_Channel6_IRQHandler
                0x08004474       0x10 build/stm32f1xx_it.o
                0x08004474                DMA1_Channel6_IRQHandler
 .text.DMA1_Channel7_IRQHandler
                0x08004484       0x10 build/stm32f1xx_it.o
                0x08004484                DMA1_Channel7_IRQHandler
 .text.Reset_Handler
                0x08004494       0x48 build/startup_stm32f103xe.o
                0x08004494                Reset_Handler
 .text.Default_Handler
                0x080044dc        0x2 build/startup_stm32f103xe.o
                0x080044dc                RTC_Alarm_IRQHandler
                0x080044dc                EXTI2_IRQHandler
                0x080044dc                TIM8_TRG_COM_IRQHandler
                0x080044dc                TIM8_CC_IRQHandler
                0x080044dc                TIM1_CC_IRQHandler
                0x080044dc                TIM6_IRQHandler
                0x080044dc                PVD_IRQHandler
                0x080044dc                SDIO_IRQHandler
                0x080044dc                EXTI3_IRQHandler
                0x080044dc                EXTI0_IRQHandler
                0x080044dc                I2C2_EV_IRQHandler
                0x080044dc                ADC1_2_IRQHandler
                0x080044dc                SPI1_IRQHandler
                0x080044dc                TAMPER_IRQHandler
                0x080044dc                TIM8_UP_IRQHandler
                0x080044dc                DMA2_Channel2_IRQHandler
                0x080044dc                DMA1_Channel4_IRQHandler
                0x080044dc                USART3_IRQHandler
                0x080044dc                RTC_IRQHandler
                0x080044dc                CAN1_RX1_IRQHandler
                0x080044dc                UART5_IRQHandler
                0x080044dc                ADC3_IRQHandler
                0x080044dc                TIM4_IRQHandler
                0x080044dc                DMA2_Channel1_IRQHandler
                0x080044dc                I2C1_EV_IRQHandler
                0x080044dc                UART4_IRQHandler
                0x080044dc                TIM3_IRQHandler
                0x080044dc                RCC_IRQHandler
                0x080044dc                TIM1_TRG_COM_IRQHandler
                0x080044dc                Default_Handler
                0x080044dc                EXTI15_10_IRQHandler
                0x080044dc                TIM7_IRQHandler
                0x080044dc                TIM5_IRQHandler
                0x080044dc                EXTI9_5_IRQHandler
                0x080044dc                SPI2_IRQHandler
                0x080044dc                DMA1_Channel5_IRQHandler
                0x080044dc                EXTI4_IRQHandler
                0x080044dc                USB_LP_CAN1_RX0_IRQHandler
                0x080044dc                USB_HP_CAN1_TX_IRQHandler
                0x080044dc                DMA1_Channel3_IRQHandler
                0x080044dc                FSMC_IRQHandler
                0x080044dc                TIM1_UP_IRQHandler
                0x080044dc                WWDG_IRQHandler
                0x080044dc                TIM2_IRQHandler
                0x080044dc                TIM1_BRK_IRQHandler
                0x080044dc                EXTI1_IRQHandler
                0x080044dc                DMA2_Channel4_5_IRQHandler
                0x080044dc                USART2_IRQHandler
                0x080044dc                I2C2_ER_IRQHandler
                0x080044dc                DMA1_Channel2_IRQHandler
                0x080044dc                TIM8_BRK_IRQHandler
                0x080044dc                CAN1_SCE_IRQHandler
                0x080044dc                FLASH_IRQHandler
                0x080044dc                USART1_IRQHandler
                0x080044dc                SPI3_IRQHandler
                0x080044dc                I2C1_ER_IRQHandler
                0x080044dc                USBWakeUp_IRQHandler
                0x080044dc                DMA2_Channel3_IRQHandler
 *fill*         0x080044de        0x2 
 .text.__libc_init_array
                0x080044e0       0x4c d:/stm32/gcc-arm/bin/../lib/gcc/arm-none-eabi/5.4.1/../../../../arm-none-eabi/lib/armv7-m\libc_nano.a(lib_a-init.o)
                0x080044e0                __libc_init_array
 .text.memset   0x0800452c       0x10 d:/stm32/gcc-arm/bin/../lib/gcc/arm-none-eabi/5.4.1/../../../../arm-none-eabi/lib/armv7-m\libc_nano.a(lib_a-memset.o)
                0x0800452c                memset
 .text.sprintf  0x0800453c       0x48 d:/stm32/gcc-arm/bin/../lib/gcc/arm-none-eabi/5.4.1/../../../../arm-none-eabi/lib/armv7-m\libc_nano.a(lib_a-sprintf.o)
                0x0800453c                siprintf
                0x0800453c                sprintf
 .text.__ssputs_r
                0x08004584       0xb2 d:/stm32/gcc-arm/bin/../lib/gcc/arm-none-eabi/5.4.1/../../../../arm-none-eabi/lib/armv7-m\libc_nano.a(lib_a-nano-svfprintf.o)
                0x08004584                __ssputs_r
 *fill*         0x08004636        0x2 
 .text._svfprintf_r
                0x08004638      0x1e8 d:/stm32/gcc-arm/bin/../lib/gcc/arm-none-eabi/5.4.1/../../../../arm-none-eabi/lib/armv7-m\libc_nano.a(lib_a-nano-svfprintf.o)
                0x08004638                _svfiprintf_r
                0x08004638                _svfprintf_r
 .text._printf_common
                0x08004820       0xec d:/stm32/gcc-arm/bin/../lib/gcc/arm-none-eabi/5.4.1/../../../../arm-none-eabi/lib/armv7-m\libc_nano.a(lib_a-nano-vfprintf_i.o)
                0x08004820                _printf_common
 .text._printf_i
                0x0800490c      0x24c d:/stm32/gcc-arm/bin/../lib/gcc/arm-none-eabi/5.4.1/../../../../arm-none-eabi/lib/armv7-m\libc_nano.a(lib_a-nano-vfprintf_i.o)
                0x0800490c                _printf_i
 .text.memchr   0x08004b58       0x1c d:/stm32/gcc-arm/bin/../lib/gcc/arm-none-eabi/5.4.1/../../../../arm-none-eabi/lib/armv7-m\libc_nano.a(lib_a-memchr-stub.o)
                0x08004b58                memchr
 .text.memcpy   0x08004b74       0x16 d:/stm32/gcc-arm/bin/../lib/gcc/arm-none-eabi/5.4.1/../../../../arm-none-eabi/lib/armv7-m\libc_nano.a(lib_a-memcpy-stub.o)
                0x08004b74                memcpy
 .text.memmove  0x08004b8a       0x36 d:/stm32/gcc-arm/bin/../lib/gcc/arm-none-eabi/5.4.1/../../../../arm-none-eabi/lib/armv7-m\libc_nano.a(lib_a-memmove.o)
                0x08004b8a                memmove
 .text._free_r  0x08004bc0       0x98 d:/stm32/gcc-arm/bin/../lib/gcc/arm-none-eabi/5.4.1/../../../../arm-none-eabi/lib/armv7-m\libc_nano.a(lib_a-nano-freer.o)
                0x08004bc0                _free_r
 .text._malloc_r
                0x08004c58       0xbc d:/stm32/gcc-arm/bin/../lib/gcc/arm-none-eabi/5.4.1/../../../../arm-none-eabi/lib/armv7-m\libc_nano.a(lib_a-nano-mallocr.o)
                0x08004c58                _malloc_r
 .text._realloc_r
                0x08004d14       0x4c d:/stm32/gcc-arm/bin/../lib/gcc/arm-none-eabi/5.4.1/../../../../arm-none-eabi/lib/armv7-m\libc_nano.a(lib_a-nano-reallocr.o)
                0x08004d14                _realloc_r
 .text._sbrk_r  0x08004d60       0x20 d:/stm32/gcc-arm/bin/../lib/gcc/arm-none-eabi/5.4.1/../../../../arm-none-eabi/lib/armv7-m\libc_nano.a(lib_a-sbrkr.o)
                0x08004d60                _sbrk_r
 .text.__malloc_lock
                0x08004d80        0x2 d:/stm32/gcc-arm/bin/../lib/gcc/arm-none-eabi/5.4.1/../../../../arm-none-eabi/lib/armv7-m\libc_nano.a(lib_a-mlock.o)
                0x08004d80                __malloc_lock
 .text.__malloc_unlock
                0x08004d82        0x2 d:/stm32/gcc-arm/bin/../lib/gcc/arm-none-eabi/5.4.1/../../../../arm-none-eabi/lib/armv7-m\libc_nano.a(lib_a-mlock.o)
                0x08004d82                __malloc_unlock
 .text._malloc_usable_size_r
                0x08004d84       0x14 d:/stm32/gcc-arm/bin/../lib/gcc/arm-none-eabi/5.4.1/../../../../arm-none-eabi/lib/armv7-m\libc_nano.a(lib_a-nano-msizer.o)
                0x08004d84                _malloc_usable_size_r
 .text._sbrk    0x08004d98       0x1c d:/stm32/gcc-arm/bin/../lib/gcc/arm-none-eabi/5.4.1/../../../../arm-none-eabi/lib/armv7-m\libnosys.a(sbrk.o)
                0x08004d98                _sbrk
 *(.glue_7)
 .glue_7        0x08004db4        0x0 linker stubs
 *(.glue_7t)
 .glue_7t       0x08004db4        0x0 linker stubs
 *(.eh_frame)
 .eh_frame      0x08004db4        0x0 d:/stm32/gcc-arm/bin/../lib/gcc/arm-none-eabi/5.4.1/armv7-m/crtbegin.o
 *(.init)
 .init          0x08004db4        0x4 d:/stm32/gcc-arm/bin/../lib/gcc/arm-none-eabi/5.4.1/armv7-m/crti.o
                0x08004db4                _init
 .init          0x08004db8        0x8 d:/stm32/gcc-arm/bin/../lib/gcc/arm-none-eabi/5.4.1/armv7-m/crtn.o
 *(.fini)
 .fini          0x08004dc0        0x4 d:/stm32/gcc-arm/bin/../lib/gcc/arm-none-eabi/5.4.1/armv7-m/crti.o
                0x08004dc0                _fini
 .fini          0x08004dc4        0x8 d:/stm32/gcc-arm/bin/../lib/gcc/arm-none-eabi/5.4.1/armv7-m/crtn.o
                0x08004dcc                . = ALIGN (0x4)
                0x08004dcc                _etext = .

.vfp11_veneer   0x08004dcc        0x0
 .vfp11_veneer  0x08004dcc        0x0 linker stubs

.v4_bx          0x08004dcc        0x0
 .v4_bx         0x08004dcc        0x0 linker stubs

.iplt           0x08004dcc        0x0
 .iplt          0x08004dcc        0x0 d:/stm32/gcc-arm/bin/../lib/gcc/arm-none-eabi/5.4.1/armv7-m/crtbegin.o

.rodata         0x08004dcc       0x94
                0x08004dcc                . = ALIGN (0x4)
 *(.rodata)
 .rodata        0x08004dcc       0x12 build/stm32f1xx_hal_rcc.o
 *(.rodata*)
 *fill*         0x08004dde        0x2 
 .rodata.AHBPrescTable
                0x08004de0       0x10 build/system_stm32f1xx.o
                0x08004de0                AHBPrescTable
 .rodata.APBPrescTable
                0x08004df0        0x8 build/system_stm32f1xx.o
                0x08004df0                APBPrescTable
 .rodata.hall_to_pos
                0x08004df8        0x8 build/bldc.o
                0x08004df8                hall_to_pos
 .rodata.str1.4
                0x08004e00       0x2c build/comms.o
                                 0x2a (size before relaxing)
 .rodata.str1.1
                0x08004e2c       0x11 d:/stm32/gcc-arm/bin/../lib/gcc/arm-none-eabi/5.4.1/../../../../arm-none-eabi/lib/armv7-m\libc_nano.a(lib_a-nano-svfprintf.o)
 .rodata.str1.1
                0x08004e3d       0x22 d:/stm32/gcc-arm/bin/../lib/gcc/arm-none-eabi/5.4.1/../../../../arm-none-eabi/lib/armv7-m\libc_nano.a(lib_a-nano-vfprintf_i.o)
                0x08004e60                . = ALIGN (0x4)
 *fill*         0x08004e5f        0x1 

.rel.dyn        0x08004e60        0x0
 .rel.iplt      0x08004e60        0x0 d:/stm32/gcc-arm/bin/../lib/gcc/arm-none-eabi/5.4.1/armv7-m/crtbegin.o

.ARM.extab
 *(.ARM.extab* .gnu.linkonce.armextab.*)

.ARM            0x08004e60        0x0
                0x08004e60                __exidx_start = .
 *(.ARM.exidx*)
                0x08004e60                __exidx_end = .

.preinit_array  0x08004e60        0x0
                0x08004e60                PROVIDE (__preinit_array_start, .)
 *(.preinit_array*)
                0x08004e60                PROVIDE (__preinit_array_end, .)

.init_array     0x08004e60        0x4
                0x08004e60                PROVIDE (__init_array_start, .)
 *(SORT(.init_array.*))
 *(.init_array*)
 .init_array    0x08004e60        0x4 d:/stm32/gcc-arm/bin/../lib/gcc/arm-none-eabi/5.4.1/armv7-m/crtbegin.o
                0x08004e64                PROVIDE (__init_array_end, .)

.fini_array     0x08004e64        0x4
                [!provide]                PROVIDE (__fini_array_start, .)
 *(SORT(.fini_array.*))
 *(.fini_array*)
 .fini_array    0x08004e64        0x4 d:/stm32/gcc-arm/bin/../lib/gcc/arm-none-eabi/5.4.1/armv7-m/crtbegin.o
                [!provide]                PROVIDE (__fini_array_end, .)
                0x08004e68                _sidata = LOADADDR (.data)

.data           0x20000000       0x88 load address 0x08004e68
                0x20000000                . = ALIGN (0x4)
                0x20000000                _sdata = .
 *(.data)
 *(.data*)
 .data.SystemCoreClock
                0x20000000        0x4 build/system_stm32f1xx.o
                0x20000000                SystemCoreClock
 .data.timeout  0x20000004        0x4 build/control.o
                0x20000004                timeout
 .data.offsetrl2
                0x20000008        0x4 build/bldc.o
                0x20000008                offsetrl2
 .data.offsetrl1
                0x2000000c        0x4 build/bldc.o
                0x2000000c                offsetrl1
 .data.offsetrr2
                0x20000010        0x4 build/bldc.o
                0x20000010                offsetrr2
 .data.offsetrr1
                0x20000014        0x4 build/bldc.o
                0x20000014                offsetrr1
 .data.batteryVoltage
                0x20000018        0x4 build/bldc.o
                0x20000018                batteryVoltage
 .data.offsetdcl
                0x2000001c        0x4 build/bldc.o
                0x2000001c                offsetdcl
 .data.offsetdcr
                0x20000020        0x4 build/bldc.o
                0x20000020                offsetdcr
 .data.impure_data
                0x20000024       0x60 d:/stm32/gcc-arm/bin/../lib/gcc/arm-none-eabi/5.4.1/../../../../arm-none-eabi/lib/armv7-m\libc_nano.a(lib_a-impure.o)
 .data._impure_ptr
                0x20000084        0x4 d:/stm32/gcc-arm/bin/../lib/gcc/arm-none-eabi/5.4.1/../../../../arm-none-eabi/lib/armv7-m\libc_nano.a(lib_a-impure.o)
                0x20000084                _impure_ptr
                0x20000088                . = ALIGN (0x4)
                0x20000088                _edata = .

.jcr            0x20000088        0x0 load address 0x08004ef0
 .jcr           0x20000088        0x0 d:/stm32/gcc-arm/bin/../lib/gcc/arm-none-eabi/5.4.1/armv7-m/crtbegin.o

.igot.plt       0x20000088        0x0 load address 0x08004ef0
 .igot.plt      0x20000088        0x0 d:/stm32/gcc-arm/bin/../lib/gcc/arm-none-eabi/5.4.1/armv7-m/crtbegin.o
                0x20000088                . = ALIGN (0x4)

.bss            0x20000088      0x390 load address 0x08004ef0
                0x20000088                _sbss = .
                0x20000088                __bss_start__ = _sbss
 *(.bss)
 .bss           0x20000088       0x1c d:/stm32/gcc-arm/bin/../lib/gcc/arm-none-eabi/5.4.1/armv7-m/crtbegin.o
 *(.bss*)
 .bss.offsetcount
                0x200000a4        0x4 build/bldc.o
                0x200000a4                offsetcount
 .bss.buzzerPattern
                0x200000a8        0x4 build/bldc.o
                0x200000a8                buzzerPattern
 .bss.weakl     0x200000ac        0x4 build/bldc.o
                0x200000ac                weakl
 .bss.posl      0x200000b0        0x4 build/bldc.o
                0x200000b0                posl
 .bss.weakr     0x200000b4        0x4 build/bldc.o
                0x200000b4                weakr
 .bss.posr      0x200000b8        0x4 build/bldc.o
                0x200000b8                posr
 .bss.enable    0x200000bc        0x1 build/bldc.o
                0x200000bc                enable
 *fill*         0x200000bd        0x3 
 .bss.pwml      0x200000c0        0x4 build/bldc.o
                0x200000c0                pwml
 .bss.buzzerFreq
                0x200000c4        0x4 build/bldc.o
                0x200000c4                buzzerFreq
 .bss.pwmr      0x200000c8        0x4 build/bldc.o
                0x200000c8                pwmr
 .bss.buzzerTimer
                0x200000cc        0x4 build/bldc.o
                0x200000cc                buzzerTimer
 .bss.curl      0x200000d0        0x4 build/bldc.o
                0x200000d0                curl
 .bss.__malloc_sbrk_start
                0x200000d4        0x4 d:/stm32/gcc-arm/bin/../lib/gcc/arm-none-eabi/5.4.1/../../../../arm-none-eabi/lib/armv7-m\libc_nano.a(lib_a-nano-mallocr.o)
                0x200000d4                __malloc_sbrk_start
 .bss.__malloc_free_list
                0x200000d8        0x4 d:/stm32/gcc-arm/bin/../lib/gcc/arm-none-eabi/5.4.1/../../../../arm-none-eabi/lib/armv7-m\libc_nano.a(lib_a-nano-mallocr.o)
                0x200000d8                __malloc_free_list
 .bss.heap_end.4167
                0x200000dc        0x4 d:/stm32/gcc-arm/bin/../lib/gcc/arm-none-eabi/5.4.1/../../../../arm-none-eabi/lib/armv7-m\libnosys.a(sbrk.o)
 *(COMMON)
 COMMON         0x200000e0        0x4 build/stm32f1xx_hal.o
                0x200000e0                uwTick
 COMMON         0x200000e4      0x298 build/setup.o
                0x200000e4                hdma_usart2_rx
                0x20000128                hadc2
                0x20000158                hi2c2
                0x200001ac                htim_right
                0x200001ec                hdma_i2c2_rx
                0x20000230                hdma_i2c2_tx
                0x20000274                hadc1
                0x200002a4                hdma_usart2_tx
                0x200002e8                adc_buffer
                0x200002fc                huart2
                0x2000033c                htim_left
 COMMON         0x2000037c       0x24 build/main.o
                0x2000037c                main_loop_counter
                0x20000380                inactivity_timeout_counter
                0x20000384                command
                0x20000387                button2
                0x20000388                cmd2
                0x2000038c                steer
                0x20000390                cmd3
                0x20000394                speed
                0x20000398                button1
                0x2000039c                cmd1
 COMMON         0x200003a0       0x74 build/comms.o
                0x200003a0                uart_buf
                0x20000404                ch_buf
 COMMON         0x20000414        0x4 d:/stm32/gcc-arm/bin/../lib/gcc/arm-none-eabi/5.4.1/../../../../arm-none-eabi/lib/armv7-m\libc_nano.a(lib_a-reent.o)
                0x20000414                errno
                0x20000418                . = ALIGN (0x4)
                0x20000418                _ebss = .
                0x20000418                __bss_end__ = _ebss

._user_heap_stack
                0x20000418      0x600 load address 0x08004ef0
                0x20000418                . = ALIGN (0x8)
                0x20000418                PROVIDE (end, .)
                [!provide]                PROVIDE (_end, .)
                0x20000618                . = (. + _Min_Heap_Size)
 *fill*         0x20000418      0x200 
                0x20000a18                . = (. + _Min_Stack_Size)
 *fill*         0x20000618      0x400 
                0x20000a18                . = ALIGN (0x8)

/DISCARD/
 libc.a(*)
 libm.a(*)
 libgcc.a(*)

.ARM.attributes
                0x00000000       0x29
 *(.ARM.attributes)
 .ARM.attributes
                0x00000000       0x1d d:/stm32/gcc-arm/bin/../lib/gcc/arm-none-eabi/5.4.1/armv7-m/crti.o
 .ARM.attributes
                0x0000001d       0x2d d:/stm32/gcc-arm/bin/../lib/gcc/arm-none-eabi/5.4.1/armv7-m/crtbegin.o
 .ARM.attributes
                0x0000004a       0x33 build/stm32f1xx_hal_rcc.o
 .ARM.attributes
                0x0000007d       0x33 build/stm32f1xx_hal_tim.o
 .ARM.attributes
                0x000000b0       0x33 build/stm32f1xx_hal_tim_ex.o
 .ARM.attributes
                0x000000e3       0x33 build/stm32f1xx_hal_adc_ex.o
 .ARM.attributes
                0x00000116       0x33 build/stm32f1xx_hal_cortex.o
 .ARM.attributes
                0x00000149       0x33 build/stm32f1xx_hal_gpio.o
 .ARM.attributes
                0x0000017c       0x33 build/stm32f1xx_hal_rcc_ex.o
 .ARM.attributes
                0x000001af       0x33 build/stm32f1xx_hal.o
 .ARM.attributes
                0x000001e2       0x33 build/stm32f1xx_hal_adc.o
 .ARM.attributes
                0x00000215       0x33 build/stm32f1xx_hal_uart.o
 .ARM.attributes
                0x00000248       0x33 build/stm32f1xx_hal_dma.o
 .ARM.attributes
                0x0000027b       0x33 build/system_stm32f1xx.o
 .ARM.attributes
                0x000002ae       0x33 build/setup.o
 .ARM.attributes
                0x000002e1       0x33 build/control.o
 .ARM.attributes
                0x00000314       0x33 build/main.o
 .ARM.attributes
                0x00000347       0x33 build/bldc.o
 .ARM.attributes
                0x0000037a       0x33 build/comms.o
 .ARM.attributes
                0x000003ad       0x33 build/stm32f1xx_it.o
 .ARM.attributes
                0x000003e0       0x21 build/startup_stm32f103xe.o
 .ARM.attributes
                0x00000401       0x2d d:/stm32/gcc-arm/bin/../lib/gcc/arm-none-eabi/5.4.1/../../../../arm-none-eabi/lib/armv7-m\libc_nano.a(lib_a-impure.o)
 .ARM.attributes
                0x0000042e       0x2d d:/stm32/gcc-arm/bin/../lib/gcc/arm-none-eabi/5.4.1/../../../../arm-none-eabi/lib/armv7-m\libc_nano.a(lib_a-init.o)
 .ARM.attributes
                0x0000045b       0x2d d:/stm32/gcc-arm/bin/../lib/gcc/arm-none-eabi/5.4.1/../../../../arm-none-eabi/lib/armv7-m\libc_nano.a(lib_a-memset.o)
 .ARM.attributes
                0x00000488       0x2d d:/stm32/gcc-arm/bin/../lib/gcc/arm-none-eabi/5.4.1/../../../../arm-none-eabi/lib/armv7-m\libc_nano.a(lib_a-sprintf.o)
 .ARM.attributes
                0x000004b5       0x17 d:/stm32/gcc-arm/bin/../lib/gcc/arm-none-eabi/5.4.1/../../../../arm-none-eabi/lib/armv7-m\libc_nano.a(lib_a-strlen.o)
 .ARM.attributes
                0x000004cc       0x2d d:/stm32/gcc-arm/bin/../lib/gcc/arm-none-eabi/5.4.1/../../../../arm-none-eabi/lib/armv7-m\libc_nano.a(lib_a-nano-svfprintf.o)
 .ARM.attributes
                0x000004f9       0x2d d:/stm32/gcc-arm/bin/../lib/gcc/arm-none-eabi/5.4.1/../../../../arm-none-eabi/lib/armv7-m\libc_nano.a(lib_a-nano-vfprintf_i.o)
 .ARM.attributes
                0x00000526       0x2d d:/stm32/gcc-arm/bin/../lib/gcc/arm-none-eabi/5.4.1/../../../../arm-none-eabi/lib/armv7-m\libc_nano.a(lib_a-memchr-stub.o)
 .ARM.attributes
                0x00000553       0x2d d:/stm32/gcc-arm/bin/../lib/gcc/arm-none-eabi/5.4.1/../../../../arm-none-eabi/lib/armv7-m\libc_nano.a(lib_a-memcpy-stub.o)
 .ARM.attributes
                0x00000580       0x2d d:/stm32/gcc-arm/bin/../lib/gcc/arm-none-eabi/5.4.1/../../../../arm-none-eabi/lib/armv7-m\libc_nano.a(lib_a-memmove.o)
 .ARM.attributes
                0x000005ad       0x2d d:/stm32/gcc-arm/bin/../lib/gcc/arm-none-eabi/5.4.1/../../../../arm-none-eabi/lib/armv7-m\libc_nano.a(lib_a-nano-freer.o)
 .ARM.attributes
                0x000005da       0x2d d:/stm32/gcc-arm/bin/../lib/gcc/arm-none-eabi/5.4.1/../../../../arm-none-eabi/lib/armv7-m\libc_nano.a(lib_a-nano-mallocr.o)
 .ARM.attributes
                0x00000607       0x2d d:/stm32/gcc-arm/bin/../lib/gcc/arm-none-eabi/5.4.1/../../../../arm-none-eabi/lib/armv7-m\libc_nano.a(lib_a-nano-reallocr.o)
 .ARM.attributes
                0x00000634       0x2d d:/stm32/gcc-arm/bin/../lib/gcc/arm-none-eabi/5.4.1/../../../../arm-none-eabi/lib/armv7-m\libc_nano.a(lib_a-sbrkr.o)
 .ARM.attributes
                0x00000661       0x2d d:/stm32/gcc-arm/bin/../lib/gcc/arm-none-eabi/5.4.1/../../../../arm-none-eabi/lib/armv7-m\libc_nano.a(lib_a-mlock.o)
 .ARM.attributes
                0x0000068e       0x2d d:/stm32/gcc-arm/bin/../lib/gcc/arm-none-eabi/5.4.1/../../../../arm-none-eabi/lib/armv7-m\libc_nano.a(lib_a-nano-msizer.o)
 .ARM.attributes
                0x000006bb       0x2d d:/stm32/gcc-arm/bin/../lib/gcc/arm-none-eabi/5.4.1/../../../../arm-none-eabi/lib/armv7-m\libc_nano.a(lib_a-reent.o)
 .ARM.attributes
                0x000006e8       0x2d d:/stm32/gcc-arm/bin/../lib/gcc/arm-none-eabi/5.4.1/../../../../arm-none-eabi/lib/armv7-m\libnosys.a(sbrk.o)
 .ARM.attributes
                0x00000715       0x1d d:/stm32/gcc-arm/bin/../lib/gcc/arm-none-eabi/5.4.1/armv7-m\libgcc.a(_arm_addsubdf3.o)
 .ARM.attributes
                0x00000732       0x1d d:/stm32/gcc-arm/bin/../lib/gcc/arm-none-eabi/5.4.1/armv7-m\libgcc.a(_arm_muldivdf3.o)
 .ARM.attributes
                0x0000074f       0x1d d:/stm32/gcc-arm/bin/../lib/gcc/arm-none-eabi/5.4.1/armv7-m\libgcc.a(_arm_cmpdf2.o)
 .ARM.attributes
                0x0000076c       0x1d d:/stm32/gcc-arm/bin/../lib/gcc/arm-none-eabi/5.4.1/armv7-m\libgcc.a(_arm_fixdfsi.o)
 .ARM.attributes
                0x00000789       0x1d d:/stm32/gcc-arm/bin/../lib/gcc/arm-none-eabi/5.4.1/armv7-m\libgcc.a(_arm_truncdfsf2.o)
 .ARM.attributes
                0x000007a6       0x1d d:/stm32/gcc-arm/bin/../lib/gcc/arm-none-eabi/5.4.1/armv7-m\libgcc.a(_arm_addsubsf3.o)
 .ARM.attributes
                0x000007c3       0x1d d:/stm32/gcc-arm/bin/../lib/gcc/arm-none-eabi/5.4.1/armv7-m\libgcc.a(_arm_muldivsf3.o)
 .ARM.attributes
                0x000007e0       0x1d d:/stm32/gcc-arm/bin/../lib/gcc/arm-none-eabi/5.4.1/armv7-m\libgcc.a(_arm_cmpsf2.o)
 .ARM.attributes
                0x000007fd       0x1d d:/stm32/gcc-arm/bin/../lib/gcc/arm-none-eabi/5.4.1/armv7-m\libgcc.a(_arm_fixsfsi.o)
 .ARM.attributes
                0x0000081a       0x1d d:/stm32/gcc-arm/bin/../lib/gcc/arm-none-eabi/5.4.1/armv7-m/crtn.o
OUTPUT(build/hover.elf elf32-littlearm)

.debug_info     0x00000000    0x103c0
 .debug_info    0x00000000      0xa1d build/stm32f1xx_hal_rcc.o
 .debug_info    0x00000a1d     0x309d build/stm32f1xx_hal_tim.o
 .debug_info    0x00003aba     0x13a6 build/stm32f1xx_hal_tim_ex.o
 .debug_info    0x00004e60      0xbc3 build/stm32f1xx_hal_adc_ex.o
 .debug_info    0x00005a23      0xd36 build/stm32f1xx_hal_cortex.o
 .debug_info    0x00006759      0x66e build/stm32f1xx_hal_gpio.o
 .debug_info    0x00006dc7      0x48c build/stm32f1xx_hal_rcc_ex.o
 .debug_info    0x00007253      0x767 build/stm32f1xx_hal.o
 .debug_info    0x000079ba      0xece build/stm32f1xx_hal_adc.o
 .debug_info    0x00008888     0x1779 build/stm32f1xx_hal_uart.o
 .debug_info    0x0000a001      0x834 build/stm32f1xx_hal_dma.o
 .debug_info    0x0000a835      0x437 build/system_stm32f1xx.o
 .debug_info    0x0000ac6c     0x220d build/setup.o
 .debug_info    0x0000ce79      0xae0 build/control.o
 .debug_info    0x0000d959     0x1514 build/main.o
 .debug_info    0x0000ee6d      0x971 build/bldc.o
 .debug_info    0x0000f7de      0x718 build/comms.o
 .debug_info    0x0000fef6      0x464 build/stm32f1xx_it.o
 .debug_info    0x0001035a       0x66 build/startup_stm32f103xe.o

.debug_abbrev   0x00000000     0x2531
 .debug_abbrev  0x00000000      0x27b build/stm32f1xx_hal_rcc.o
 .debug_abbrev  0x0000027b      0x278 build/stm32f1xx_hal_tim.o
 .debug_abbrev  0x000004f3      0x251 build/stm32f1xx_hal_tim_ex.o
 .debug_abbrev  0x00000744      0x23a build/stm32f1xx_hal_adc_ex.o
 .debug_abbrev  0x0000097e      0x2ee build/stm32f1xx_hal_cortex.o
 .debug_abbrev  0x00000c6c      0x202 build/stm32f1xx_hal_gpio.o
 .debug_abbrev  0x00000e6e      0x1b6 build/stm32f1xx_hal_rcc_ex.o
 .debug_abbrev  0x00001024      0x202 build/stm32f1xx_hal.o
 .debug_abbrev  0x00001226      0x218 build/stm32f1xx_hal_adc.o
 .debug_abbrev  0x0000143e      0x281 build/stm32f1xx_hal_uart.o
 .debug_abbrev  0x000016bf      0x239 build/stm32f1xx_hal_dma.o
 .debug_abbrev  0x000018f8      0x124 build/system_stm32f1xx.o
 .debug_abbrev  0x00001a1c      0x1d9 build/setup.o
 .debug_abbrev  0x00001bf5      0x188 build/control.o
 .debug_abbrev  0x00001d7d      0x27f build/main.o
 .debug_abbrev  0x00001ffc      0x1ed build/bldc.o
 .debug_abbrev  0x000021e9      0x1cf build/comms.o
 .debug_abbrev  0x000023b8      0x167 build/stm32f1xx_it.o
 .debug_abbrev  0x0000251f       0x12 build/startup_stm32f103xe.o

.debug_loc      0x00000000     0xae7d
 .debug_loc     0x00000000      0x61c build/stm32f1xx_hal_rcc.o
 .debug_loc     0x0000061c     0x3cc6 build/stm32f1xx_hal_tim.o
 .debug_loc     0x000042e2     0x1204 build/stm32f1xx_hal_tim_ex.o
 .debug_loc     0x000054e6      0xa5a build/stm32f1xx_hal_adc_ex.o
 .debug_loc     0x00005f40      0x59f build/stm32f1xx_hal_cortex.o
 .debug_loc     0x000064df      0x410 build/stm32f1xx_hal_gpio.o
 .debug_loc     0x000068ef      0x372 build/stm32f1xx_hal_rcc_ex.o
 .debug_loc     0x00006c61      0x101 build/stm32f1xx_hal.o
 .debug_loc     0x00006d62      0xbca build/stm32f1xx_hal_adc.o
 .debug_loc     0x0000792c     0x17b0 build/stm32f1xx_hal_uart.o
 .debug_loc     0x000090dc      0x7a2 build/stm32f1xx_hal_dma.o
 .debug_loc     0x0000987e       0xdf build/system_stm32f1xx.o
 .debug_loc     0x0000995d      0x18c build/setup.o
 .debug_loc     0x00009ae9       0x70 build/control.o
 .debug_loc     0x00009b59      0x25e build/main.o
 .debug_loc     0x00009db7      0xfe2 build/bldc.o
 .debug_loc     0x0000ad99       0x84 build/comms.o
 .debug_loc     0x0000ae1d       0x60 build/stm32f1xx_it.o

.debug_aranges  0x00000000      0xc78
 .debug_aranges
                0x00000000       0x90 build/stm32f1xx_hal_rcc.o
 .debug_aranges
                0x00000090      0x368 build/stm32f1xx_hal_tim.o
 .debug_aranges
                0x000003f8      0x138 build/stm32f1xx_hal_tim_ex.o
 .debug_aranges
                0x00000530       0x80 build/stm32f1xx_hal_adc_ex.o
 .debug_aranges
                0x000005b0       0x90 build/stm32f1xx_hal_cortex.o
 .debug_aranges
                0x00000640       0x58 build/stm32f1xx_hal_gpio.o
 .debug_aranges
                0x00000698       0x30 build/stm32f1xx_hal_rcc_ex.o
 .debug_aranges
                0x000006c8       0xb8 build/stm32f1xx_hal.o
 .debug_aranges
                0x00000780       0xf0 build/stm32f1xx_hal_adc.o
 .debug_aranges
                0x00000870      0x1d0 build/stm32f1xx_hal_uart.o
 .debug_aranges
                0x00000a40       0x80 build/stm32f1xx_hal_dma.o
 .debug_aranges
                0x00000ac0       0x28 build/system_stm32f1xx.o
 .debug_aranges
                0x00000ae8       0x50 build/setup.o
 .debug_aranges
                0x00000b38       0x28 build/control.o
 .debug_aranges
                0x00000b60       0x30 build/main.o
 .debug_aranges
                0x00000b90       0x20 build/bldc.o
 .debug_aranges
                0x00000bb0       0x30 build/comms.o
 .debug_aranges
                0x00000be0       0x70 build/stm32f1xx_it.o
 .debug_aranges
                0x00000c50       0x28 build/startup_stm32f103xe.o

.debug_ranges   0x00000000      0xc10
 .debug_ranges  0x00000000       0x98 build/stm32f1xx_hal_rcc.o
 .debug_ranges  0x00000098      0x358 build/stm32f1xx_hal_tim.o
 .debug_ranges  0x000003f0      0x128 build/stm32f1xx_hal_tim_ex.o
 .debug_ranges  0x00000518       0x70 build/stm32f1xx_hal_adc_ex.o
 .debug_ranges  0x00000588       0x80 build/stm32f1xx_hal_cortex.o
 .debug_ranges  0x00000608       0x48 build/stm32f1xx_hal_gpio.o
 .debug_ranges  0x00000650       0x38 build/stm32f1xx_hal_rcc_ex.o
 .debug_ranges  0x00000688       0xa8 build/stm32f1xx_hal.o
 .debug_ranges  0x00000730       0xe0 build/stm32f1xx_hal_adc.o
 .debug_ranges  0x00000810      0x1c0 build/stm32f1xx_hal_uart.o
 .debug_ranges  0x000009d0       0x70 build/stm32f1xx_hal_dma.o
 .debug_ranges  0x00000a40       0x18 build/system_stm32f1xx.o
 .debug_ranges  0x00000a58       0x40 build/setup.o
 .debug_ranges  0x00000a98       0x18 build/control.o
 .debug_ranges  0x00000ab0       0x50 build/main.o
 .debug_ranges  0x00000b00       0x70 build/bldc.o
 .debug_ranges  0x00000b70       0x20 build/comms.o
 .debug_ranges  0x00000b90       0x60 build/stm32f1xx_it.o
 .debug_ranges  0x00000bf0       0x20 build/startup_stm32f103xe.o

.debug_line     0x00000000     0x5906
 .debug_line    0x00000000      0x4a4 build/stm32f1xx_hal_rcc.o
 .debug_line    0x000004a4     0x1175 build/stm32f1xx_hal_tim.o
 .debug_line    0x00001619      0x731 build/stm32f1xx_hal_tim_ex.o
 .debug_line    0x00001d4a      0x584 build/stm32f1xx_hal_adc_ex.o
 .debug_line    0x000022ce      0x2da build/stm32f1xx_hal_cortex.o
 .debug_line    0x000025a8      0x328 build/stm32f1xx_hal_gpio.o
 .debug_line    0x000028d0      0x280 build/stm32f1xx_hal_rcc_ex.o
 .debug_line    0x00002b50      0x301 build/stm32f1xx_hal.o
 .debug_line    0x00002e51      0x709 build/stm32f1xx_hal_adc.o
 .debug_line    0x0000355a      0xa52 build/stm32f1xx_hal_uart.o
 .debug_line    0x00003fac      0x755 build/stm32f1xx_hal_dma.o
 .debug_line    0x00004701      0x160 build/system_stm32f1xx.o
 .debug_line    0x00004861      0x3ff build/setup.o
 .debug_line    0x00004c60      0x1ca build/control.o
 .debug_line    0x00004e2a      0x358 build/main.o
 .debug_line    0x00005182      0x2f0 build/bldc.o
 .debug_line    0x00005472      0x1e5 build/comms.o
 .debug_line    0x00005657      0x23d build/stm32f1xx_it.o
 .debug_line    0x00005894       0x72 build/startup_stm32f103xe.o

.debug_str      0x00000000     0x3edd
 .debug_str     0x00000000      0x5b7 build/stm32f1xx_hal_rcc.o
                                0x637 (size before relaxing)
 .debug_str     0x000005b7     0x10e0 build/stm32f1xx_hal_tim.o
                               0x1351 (size before relaxing)
 .debug_str     0x00001697      0x4ee build/stm32f1xx_hal_tim_ex.o
                                0xbf3 (size before relaxing)
 .debug_str     0x00001b85      0x42a build/stm32f1xx_hal_adc_ex.o
                                0x86c (size before relaxing)
 .debug_str     0x00001faf      0x6f3 build/stm32f1xx_hal_cortex.o
                                0x9ab (size before relaxing)
 .debug_str     0x000026a2      0x180 build/stm32f1xx_hal_gpio.o
                                0x422 (size before relaxing)
 .debug_str     0x00002822      0x133 build/stm32f1xx_hal_rcc_ex.o
                                0x42d (size before relaxing)
 .debug_str     0x00002955      0x1b3 build/stm32f1xx_hal.o
                                0x845 (size before relaxing)
 .debug_str     0x00002b08      0x2a4 build/stm32f1xx_hal_adc.o
                                0x8cb (size before relaxing)
 .debug_str     0x00002dac      0x6e4 build/stm32f1xx_hal_uart.o
                                0xb7c (size before relaxing)
 .debug_str     0x00003490      0x207 build/stm32f1xx_hal_dma.o
                                0x619 (size before relaxing)
 .debug_str     0x00003697       0x4a build/system_stm32f1xx.o
                                0x2c9 (size before relaxing)
 .debug_str     0x000036e1      0x375 build/setup.o
                               0x134b (size before relaxing)
 .debug_str     0x00003a56       0x8d build/control.o
                                0x8d2 (size before relaxing)
 .debug_str     0x00003ae3      0x1a2 build/main.o
                                0xf57 (size before relaxing)
 .debug_str     0x00003c85      0x134 build/bldc.o
                                0x409 (size before relaxing)
 .debug_str     0x00003db9       0x4f build/comms.o
                                0x5c7 (size before relaxing)
 .debug_str     0x00003e08       0xd5 build/stm32f1xx_it.o
                                0x49e (size before relaxing)

.comment        0x00000000       0x6e
 .comment       0x00000000       0x6e build/stm32f1xx_hal_rcc.o
                                 0x6f (size before relaxing)
 .comment       0x0000006e       0x6f build/stm32f1xx_hal_tim.o
 .comment       0x0000006e       0x6f build/stm32f1xx_hal_tim_ex.o
 .comment       0x0000006e       0x6f build/stm32f1xx_hal_adc_ex.o
 .comment       0x0000006e       0x6f build/stm32f1xx_hal_cortex.o
 .comment       0x0000006e       0x6f build/stm32f1xx_hal_gpio.o
 .comment       0x0000006e       0x6f build/stm32f1xx_hal_rcc_ex.o
 .comment       0x0000006e       0x6f build/stm32f1xx_hal.o
 .comment       0x0000006e       0x6f build/stm32f1xx_hal_adc.o
 .comment       0x0000006e       0x6f build/stm32f1xx_hal_uart.o
 .comment       0x0000006e       0x6f build/stm32f1xx_hal_dma.o
 .comment       0x0000006e       0x6f build/system_stm32f1xx.o
 .comment       0x0000006e       0x6f build/setup.o
 .comment       0x0000006e       0x6f build/control.o
 .comment       0x0000006e       0x6f build/main.o
 .comment       0x0000006e       0x6f build/bldc.o
 .comment       0x0000006e       0x6f build/comms.o
 .comment       0x0000006e       0x6f build/stm32f1xx_it.o

.debug_frame    0x00000000     0x2840
 .debug_frame   0x00000000      0x180 build/stm32f1xx_hal_rcc.o
 .debug_frame   0x00000180      0xb08 build/stm32f1xx_hal_tim.o
 .debug_frame   0x00000c88      0x420 build/stm32f1xx_hal_tim_ex.o
 .debug_frame   0x000010a8      0x1f0 build/stm32f1xx_hal_adc_ex.o
 .debug_frame   0x00001298      0x134 build/stm32f1xx_hal_cortex.o
 .debug_frame   0x000013cc       0xd4 build/stm32f1xx_hal_gpio.o
 .debug_frame   0x000014a0       0x70 build/stm32f1xx_hal_rcc_ex.o
 .debug_frame   0x00001510      0x188 build/stm32f1xx_hal.o
 .debug_frame   0x00001698      0x32c build/stm32f1xx_hal_adc.o
 .debug_frame   0x000019c4      0x574 build/stm32f1xx_hal_uart.o
 .debug_frame   0x00001f38      0x164 build/stm32f1xx_hal_dma.o
 .debug_frame   0x0000209c       0x30 build/system_stm32f1xx.o
 .debug_frame   0x000020cc      0x154 build/setup.o
 .debug_frame   0x00002220       0x5c build/control.o
 .debug_frame   0x0000227c       0x88 build/main.o
 .debug_frame   0x00002304       0x38 build/bldc.o
 .debug_frame   0x0000233c       0x64 build/comms.o
 .debug_frame   0x000023a0       0xe4 build/stm32f1xx_it.o
 .debug_frame   0x00002484       0x2c d:/stm32/gcc-arm/bin/../lib/gcc/arm-none-eabi/5.4.1/../../../../arm-none-eabi/lib/armv7-m\libc_nano.a(lib_a-init.o)
 .debug_frame   0x000024b0       0x20 d:/stm32/gcc-arm/bin/../lib/gcc/arm-none-eabi/5.4.1/../../../../arm-none-eabi/lib/armv7-m\libc_nano.a(lib_a-memset.o)
 .debug_frame   0x000024d0       0x70 d:/stm32/gcc-arm/bin/../lib/gcc/arm-none-eabi/5.4.1/../../../../arm-none-eabi/lib/armv7-m\libc_nano.a(lib_a-sprintf.o)
 .debug_frame   0x00002540       0x90 d:/stm32/gcc-arm/bin/../lib/gcc/arm-none-eabi/5.4.1/../../../../arm-none-eabi/lib/armv7-m\libc_nano.a(lib_a-nano-svfprintf.o)
 .debug_frame   0x000025d0       0x60 d:/stm32/gcc-arm/bin/../lib/gcc/arm-none-eabi/5.4.1/../../../../arm-none-eabi/lib/armv7-m\libc_nano.a(lib_a-nano-vfprintf_i.o)
 .debug_frame   0x00002630       0x28 d:/stm32/gcc-arm/bin/../lib/gcc/arm-none-eabi/5.4.1/../../../../arm-none-eabi/lib/armv7-m\libc_nano.a(lib_a-memchr-stub.o)
 .debug_frame   0x00002658       0x28 d:/stm32/gcc-arm/bin/../lib/gcc/arm-none-eabi/5.4.1/../../../../arm-none-eabi/lib/armv7-m\libc_nano.a(lib_a-memcpy-stub.o)
 .debug_frame   0x00002680       0x28 d:/stm32/gcc-arm/bin/../lib/gcc/arm-none-eabi/5.4.1/../../../../arm-none-eabi/lib/armv7-m\libc_nano.a(lib_a-memmove.o)
 .debug_frame   0x000026a8       0x38 d:/stm32/gcc-arm/bin/../lib/gcc/arm-none-eabi/5.4.1/../../../../arm-none-eabi/lib/armv7-m\libc_nano.a(lib_a-nano-freer.o)
 .debug_frame   0x000026e0       0x2c d:/stm32/gcc-arm/bin/../lib/gcc/arm-none-eabi/5.4.1/../../../../arm-none-eabi/lib/armv7-m\libc_nano.a(lib_a-nano-mallocr.o)
 .debug_frame   0x0000270c       0x3c d:/stm32/gcc-arm/bin/../lib/gcc/arm-none-eabi/5.4.1/../../../../arm-none-eabi/lib/armv7-m\libc_nano.a(lib_a-nano-reallocr.o)
 .debug_frame   0x00002748       0x2c d:/stm32/gcc-arm/bin/../lib/gcc/arm-none-eabi/5.4.1/../../../../arm-none-eabi/lib/armv7-m\libc_nano.a(lib_a-sbrkr.o)
 .debug_frame   0x00002774       0x30 d:/stm32/gcc-arm/bin/../lib/gcc/arm-none-eabi/5.4.1/../../../../arm-none-eabi/lib/armv7-m\libc_nano.a(lib_a-mlock.o)
 .debug_frame   0x000027a4       0x20 d:/stm32/gcc-arm/bin/../lib/gcc/arm-none-eabi/5.4.1/../../../../arm-none-eabi/lib/armv7-m\libc_nano.a(lib_a-nano-msizer.o)
 .debug_frame   0x000027c4       0x5c d:/stm32/gcc-arm/bin/../lib/gcc/arm-none-eabi/5.4.1/../../../../arm-none-eabi/lib/armv7-m\libc_nano.a(lib_a-reent.o)
 .debug_frame   0x00002820       0x20 d:/stm32/gcc-arm/bin/../lib/gcc/arm-none-eabi/5.4.1/../../../../arm-none-eabi/lib/armv7-m\libnosys.a(sbrk.o)

Cross Reference Table

Symbol                                            File
ADC1_2_IRQHandler                                 build/startup_stm32f103xe.o
ADC3_IRQHandler                                   build/startup_stm32f103xe.o
ADC_ConversionStop_Disable                        build/stm32f1xx_hal_adc.o
                                                  build/stm32f1xx_hal_adc_ex.o
ADC_DMAConvCplt                                   build/stm32f1xx_hal_adc.o
                                                  build/stm32f1xx_hal_adc_ex.o
ADC_DMAError                                      build/stm32f1xx_hal_adc.o
                                                  build/stm32f1xx_hal_adc_ex.o
ADC_DMAHalfConvCplt                               build/stm32f1xx_hal_adc.o
                                                  build/stm32f1xx_hal_adc_ex.o
ADC_Enable                                        build/stm32f1xx_hal_adc.o
                                                  build/stm32f1xx_hal_adc_ex.o
AHBPrescTable                                     build/system_stm32f1xx.o
                                                  build/stm32f1xx_hal_rcc.o
APBPrescTable                                     build/system_stm32f1xx.o
                                                  build/stm32f1xx_hal_rcc.o
BusFault_Handler                                  build/stm32f1xx_it.o
CAN1_RX1_IRQHandler                               build/startup_stm32f103xe.o
CAN1_SCE_IRQHandler                               build/startup_stm32f103xe.o
DMA1_Channel1_IRQHandler                          build/bldc.o
DMA1_Channel2_IRQHandler                          build/startup_stm32f103xe.o
DMA1_Channel3_IRQHandler                          build/startup_stm32f103xe.o
DMA1_Channel4_IRQHandler                          build/startup_stm32f103xe.o
DMA1_Channel5_IRQHandler                          build/startup_stm32f103xe.o
DMA1_Channel6_IRQHandler                          build/stm32f1xx_it.o
DMA1_Channel7_IRQHandler                          build/stm32f1xx_it.o
DMA2_Channel1_IRQHandler                          build/startup_stm32f103xe.o
DMA2_Channel2_IRQHandler                          build/startup_stm32f103xe.o
DMA2_Channel3_IRQHandler                          build/startup_stm32f103xe.o
DMA2_Channel4_5_IRQHandler                        build/startup_stm32f103xe.o
DebugMon_Handler                                  build/stm32f1xx_it.o
Default_Handler                                   build/startup_stm32f103xe.o
EXTI0_IRQHandler                                  build/startup_stm32f103xe.o
EXTI15_10_IRQHandler                              build/startup_stm32f103xe.o
EXTI1_IRQHandler                                  build/startup_stm32f103xe.o
EXTI2_IRQHandler                                  build/startup_stm32f103xe.o
EXTI3_IRQHandler                                  build/startup_stm32f103xe.o
EXTI4_IRQHandler                                  build/startup_stm32f103xe.o
EXTI9_5_IRQHandler                                build/startup_stm32f103xe.o
FLASH_IRQHandler                                  build/startup_stm32f103xe.o
FLASH_PageErase                                   build/stm32f1xx_hal_flash_ex.o
                                                  build/stm32f1xx_hal_flash.o
FLASH_WaitForLastOperation                        build/stm32f1xx_hal_flash.o
                                                  build/stm32f1xx_hal_flash_ex.o
FSMC_IRQHandler                                   build/startup_stm32f103xe.o
HAL_ADCEx_Calibration_Start                       build/stm32f1xx_hal_adc_ex.o
HAL_ADCEx_InjectedConfigChannel                   build/stm32f1xx_hal_adc_ex.o
HAL_ADCEx_InjectedConvCpltCallback                build/stm32f1xx_hal_adc_ex.o
                                                  build/stm32f1xx_hal_adc.o
HAL_ADCEx_InjectedGetValue                        build/stm32f1xx_hal_adc_ex.o
HAL_ADCEx_InjectedPollForConversion               build/stm32f1xx_hal_adc_ex.o
HAL_ADCEx_InjectedStart                           build/stm32f1xx_hal_adc_ex.o
HAL_ADCEx_InjectedStart_IT                        build/stm32f1xx_hal_adc_ex.o
HAL_ADCEx_InjectedStop                            build/stm32f1xx_hal_adc_ex.o
HAL_ADCEx_InjectedStop_IT                         build/stm32f1xx_hal_adc_ex.o
HAL_ADCEx_MultiModeConfigChannel                  build/stm32f1xx_hal_adc_ex.o
                                                  build/setup.o
HAL_ADCEx_MultiModeGetValue                       build/stm32f1xx_hal_adc_ex.o
HAL_ADCEx_MultiModeStart_DMA                      build/stm32f1xx_hal_adc_ex.o
HAL_ADCEx_MultiModeStop_DMA                       build/stm32f1xx_hal_adc_ex.o
HAL_ADC_AnalogWDGConfig                           build/stm32f1xx_hal_adc.o
HAL_ADC_ConfigChannel                             build/stm32f1xx_hal_adc.o
                                                  build/setup.o
HAL_ADC_ConvCpltCallback                          build/stm32f1xx_hal_adc.o
HAL_ADC_ConvHalfCpltCallback                      build/stm32f1xx_hal_adc.o
HAL_ADC_DeInit                                    build/stm32f1xx_hal_adc.o
HAL_ADC_ErrorCallback                             build/stm32f1xx_hal_adc.o
HAL_ADC_GetError                                  build/stm32f1xx_hal_adc.o
HAL_ADC_GetState                                  build/stm32f1xx_hal_adc.o
HAL_ADC_GetValue                                  build/stm32f1xx_hal_adc.o
HAL_ADC_IRQHandler                                build/stm32f1xx_hal_adc.o
HAL_ADC_Init                                      build/stm32f1xx_hal_adc.o
                                                  build/setup.o
HAL_ADC_LevelOutOfWindowCallback                  build/stm32f1xx_hal_adc.o
HAL_ADC_MspDeInit                                 build/stm32f1xx_hal_adc.o
HAL_ADC_MspInit                                   build/stm32f1xx_hal_adc.o
HAL_ADC_PollForConversion                         build/stm32f1xx_hal_adc.o
HAL_ADC_PollForEvent                              build/stm32f1xx_hal_adc.o
HAL_ADC_Start                                     build/stm32f1xx_hal_adc.o
                                                  build/main.o
HAL_ADC_Start_DMA                                 build/stm32f1xx_hal_adc.o
HAL_ADC_Start_IT                                  build/stm32f1xx_hal_adc.o
HAL_ADC_Stop                                      build/stm32f1xx_hal_adc.o
HAL_ADC_Stop_DMA                                  build/stm32f1xx_hal_adc.o
HAL_ADC_Stop_IT                                   build/stm32f1xx_hal_adc.o
HAL_DBGMCU_DisableDBGSleepMode                    build/stm32f1xx_hal.o
HAL_DBGMCU_DisableDBGStandbyMode                  build/stm32f1xx_hal.o
HAL_DBGMCU_DisableDBGStopMode                     build/stm32f1xx_hal.o
HAL_DBGMCU_EnableDBGSleepMode                     build/stm32f1xx_hal.o
HAL_DBGMCU_EnableDBGStandbyMode                   build/stm32f1xx_hal.o
HAL_DBGMCU_EnableDBGStopMode                      build/stm32f1xx_hal.o
HAL_DMA_Abort                                     build/stm32f1xx_hal_dma.o
                                                  build/stm32f1xx_hal_uart.o
                                                  build/stm32f1xx_hal_adc.o
                                                  build/stm32f1xx_hal_adc_ex.o
                                                  build/stm32f1xx_hal_tim.o
HAL_DMA_Abort_IT                                  build/stm32f1xx_hal_dma.o
                                                  build/stm32f1xx_hal_i2c.o
                                                  build/stm32f1xx_hal_uart.o
HAL_DMA_DeInit                                    build/stm32f1xx_hal_dma.o
HAL_DMA_GetError                                  build/stm32f1xx_hal_dma.o
HAL_DMA_GetState                                  build/stm32f1xx_hal_dma.o
HAL_DMA_IRQHandler                                build/stm32f1xx_hal_dma.o
                                                  build/stm32f1xx_it.o
HAL_DMA_Init                                      build/stm32f1xx_hal_dma.o
                                                  build/setup.o
HAL_DMA_PollForTransfer                           build/stm32f1xx_hal_dma.o
HAL_DMA_RegisterCallback                          build/stm32f1xx_hal_dma.o
HAL_DMA_Start                                     build/stm32f1xx_hal_dma.o
HAL_DMA_Start_IT                                  build/stm32f1xx_hal_dma.o
                                                  build/stm32f1xx_hal_i2c.o
                                                  build/stm32f1xx_hal_uart.o
                                                  build/stm32f1xx_hal_adc.o
                                                  build/stm32f1xx_hal_adc_ex.o
                                                  build/stm32f1xx_hal_tim_ex.o
                                                  build/stm32f1xx_hal_tim.o
HAL_DMA_UnRegisterCallback                        build/stm32f1xx_hal_dma.o
HAL_DeInit                                        build/stm32f1xx_hal.o
HAL_Delay                                         build/stm32f1xx_hal.o
                                                  build/main.o
                                                  build/control.o
HAL_FLASHEx_Erase                                 build/stm32f1xx_hal_flash_ex.o
HAL_FLASHEx_Erase_IT                              build/stm32f1xx_hal_flash_ex.o
HAL_FLASHEx_OBErase                               build/stm32f1xx_hal_flash_ex.o
HAL_FLASHEx_OBGetConfig                           build/stm32f1xx_hal_flash_ex.o
HAL_FLASHEx_OBGetUserData                         build/stm32f1xx_hal_flash_ex.o
HAL_FLASHEx_OBProgram                             build/stm32f1xx_hal_flash_ex.o
HAL_FLASH_EndOfOperationCallback                  build/stm32f1xx_hal_flash.o
HAL_FLASH_GetError                                build/stm32f1xx_hal_flash.o
HAL_FLASH_IRQHandler                              build/stm32f1xx_hal_flash.o
HAL_FLASH_Lock                                    build/stm32f1xx_hal_flash.o
HAL_FLASH_OB_Launch                               build/stm32f1xx_hal_flash.o
HAL_FLASH_OB_Lock                                 build/stm32f1xx_hal_flash.o
HAL_FLASH_OB_Unlock                               build/stm32f1xx_hal_flash.o
HAL_FLASH_OperationErrorCallback                  build/stm32f1xx_hal_flash.o
HAL_FLASH_Program                                 build/stm32f1xx_hal_flash.o
HAL_FLASH_Program_IT                              build/stm32f1xx_hal_flash.o
HAL_FLASH_Unlock                                  build/stm32f1xx_hal_flash.o
HAL_GPIOEx_ConfigEventout                         build/stm32f1xx_hal_gpio_ex.o
HAL_GPIOEx_DisableEventout                        build/stm32f1xx_hal_gpio_ex.o
HAL_GPIOEx_EnableEventout                         build/stm32f1xx_hal_gpio_ex.o
HAL_GPIO_DeInit                                   build/stm32f1xx_hal_gpio.o
HAL_GPIO_EXTI_Callback                            build/stm32f1xx_hal_gpio.o
HAL_GPIO_EXTI_IRQHandler                          build/stm32f1xx_hal_gpio.o
HAL_GPIO_Init                                     build/stm32f1xx_hal_gpio.o
                                                  build/setup.o
                                                  build/stm32f1xx_hal_rcc.o
HAL_GPIO_LockPin                                  build/stm32f1xx_hal_gpio.o
HAL_GPIO_ReadPin                                  build/stm32f1xx_hal_gpio.o
                                                  build/main.o
HAL_GPIO_TogglePin                                build/stm32f1xx_hal_gpio.o
                                                  build/bldc.o
HAL_GPIO_WritePin                                 build/stm32f1xx_hal_gpio.o
                                                  build/bldc.o
                                                  build/main.o
HAL_GetDEVID                                      build/stm32f1xx_hal.o
HAL_GetHalVersion                                 build/stm32f1xx_hal.o
HAL_GetREVID                                      build/stm32f1xx_hal.o
HAL_GetTick                                       build/stm32f1xx_hal.o
                                                  build/stm32f1xx_hal_dma.o
                                                  build/stm32f1xx_hal_i2c.o
                                                  build/stm32f1xx_hal_uart.o
                                                  build/stm32f1xx_hal_adc.o
                                                  build/stm32f1xx_hal_rcc_ex.o
                                                  build/stm32f1xx_hal_adc_ex.o
                                                  build/stm32f1xx_hal_rcc.o
                                                  build/stm32f1xx_hal_flash.o
HAL_GetUID                                        build/stm32f1xx_hal.o
HAL_HalfDuplex_EnableReceiver                     build/stm32f1xx_hal_uart.o
HAL_HalfDuplex_EnableTransmitter                  build/stm32f1xx_hal_uart.o
HAL_HalfDuplex_Init                               build/stm32f1xx_hal_uart.o
HAL_I2C_AbortCpltCallback                         build/stm32f1xx_hal_i2c.o
HAL_I2C_AddrCallback                              build/stm32f1xx_hal_i2c.o
HAL_I2C_DeInit                                    build/stm32f1xx_hal_i2c.o
HAL_I2C_DisableListen_IT                          build/stm32f1xx_hal_i2c.o
HAL_I2C_ER_IRQHandler                             build/stm32f1xx_hal_i2c.o
HAL_I2C_EV_IRQHandler                             build/stm32f1xx_hal_i2c.o
HAL_I2C_EnableListen_IT                           build/stm32f1xx_hal_i2c.o
HAL_I2C_ErrorCallback                             build/stm32f1xx_hal_i2c.o
HAL_I2C_GetError                                  build/stm32f1xx_hal_i2c.o
HAL_I2C_GetMode                                   build/stm32f1xx_hal_i2c.o
HAL_I2C_GetState                                  build/stm32f1xx_hal_i2c.o
HAL_I2C_Init                                      build/stm32f1xx_hal_i2c.o
                                                  build/setup.o
HAL_I2C_IsDeviceReady                             build/stm32f1xx_hal_i2c.o
HAL_I2C_ListenCpltCallback                        build/stm32f1xx_hal_i2c.o
HAL_I2C_MasterRxCpltCallback                      build/stm32f1xx_hal_i2c.o
HAL_I2C_MasterTxCpltCallback                      build/stm32f1xx_hal_i2c.o
HAL_I2C_Master_Abort_IT                           build/stm32f1xx_hal_i2c.o
HAL_I2C_Master_Receive                            build/stm32f1xx_hal_i2c.o
                                                  build/control.o
HAL_I2C_Master_Receive_DMA                        build/stm32f1xx_hal_i2c.o
HAL_I2C_Master_Receive_IT                         build/stm32f1xx_hal_i2c.o
HAL_I2C_Master_Sequential_Receive_IT              build/stm32f1xx_hal_i2c.o
HAL_I2C_Master_Sequential_Transmit_IT             build/stm32f1xx_hal_i2c.o
HAL_I2C_Master_Transmit                           build/stm32f1xx_hal_i2c.o
                                                  build/control.o
HAL_I2C_Master_Transmit_DMA                       build/stm32f1xx_hal_i2c.o
HAL_I2C_Master_Transmit_IT                        build/stm32f1xx_hal_i2c.o
HAL_I2C_MemRxCpltCallback                         build/stm32f1xx_hal_i2c.o
HAL_I2C_MemTxCpltCallback                         build/stm32f1xx_hal_i2c.o
HAL_I2C_Mem_Read                                  build/stm32f1xx_hal_i2c.o
HAL_I2C_Mem_Read_DMA                              build/stm32f1xx_hal_i2c.o
HAL_I2C_Mem_Read_IT                               build/stm32f1xx_hal_i2c.o
HAL_I2C_Mem_Write                                 build/stm32f1xx_hal_i2c.o
HAL_I2C_Mem_Write_DMA                             build/stm32f1xx_hal_i2c.o
HAL_I2C_Mem_Write_IT                              build/stm32f1xx_hal_i2c.o
HAL_I2C_MspDeInit                                 build/stm32f1xx_hal_i2c.o
HAL_I2C_MspInit                                   build/stm32f1xx_hal_i2c.o
HAL_I2C_SlaveRxCpltCallback                       build/stm32f1xx_hal_i2c.o
HAL_I2C_SlaveTxCpltCallback                       build/stm32f1xx_hal_i2c.o
HAL_I2C_Slave_Receive                             build/stm32f1xx_hal_i2c.o
HAL_I2C_Slave_Receive_DMA                         build/stm32f1xx_hal_i2c.o
HAL_I2C_Slave_Receive_IT                          build/stm32f1xx_hal_i2c.o
HAL_I2C_Slave_Sequential_Receive_IT               build/stm32f1xx_hal_i2c.o
HAL_I2C_Slave_Sequential_Transmit_IT              build/stm32f1xx_hal_i2c.o
HAL_I2C_Slave_Transmit                            build/stm32f1xx_hal_i2c.o
HAL_I2C_Slave_Transmit_DMA                        build/stm32f1xx_hal_i2c.o
HAL_I2C_Slave_Transmit_IT                         build/stm32f1xx_hal_i2c.o
HAL_IncTick                                       build/stm32f1xx_hal.o
                                                  build/stm32f1xx_it.o
HAL_Init                                          build/stm32f1xx_hal.o
                                                  build/main.o
HAL_InitTick                                      build/stm32f1xx_hal.o
                                                  build/stm32f1xx_hal_rcc.o
HAL_LIN_Init                                      build/stm32f1xx_hal_uart.o
HAL_LIN_SendBreak                                 build/stm32f1xx_hal_uart.o
HAL_MspDeInit                                     build/stm32f1xx_hal.o
HAL_MspInit                                       build/stm32f1xx_hal.o
HAL_MultiProcessor_EnterMuteMode                  build/stm32f1xx_hal_uart.o
HAL_MultiProcessor_ExitMuteMode                   build/stm32f1xx_hal_uart.o
HAL_MultiProcessor_Init                           build/stm32f1xx_hal_uart.o
HAL_NVIC_ClearPendingIRQ                          build/stm32f1xx_hal_cortex.o
HAL_NVIC_DisableIRQ                               build/stm32f1xx_hal_cortex.o
HAL_NVIC_EnableIRQ                                build/stm32f1xx_hal_cortex.o
                                                  build/setup.o
HAL_NVIC_GetActive                                build/stm32f1xx_hal_cortex.o
HAL_NVIC_GetPendingIRQ                            build/stm32f1xx_hal_cortex.o
HAL_NVIC_GetPriority                              build/stm32f1xx_hal_cortex.o
HAL_NVIC_GetPriorityGrouping                      build/stm32f1xx_hal_cortex.o
HAL_NVIC_SetPendingIRQ                            build/stm32f1xx_hal_cortex.o
HAL_NVIC_SetPriority                              build/stm32f1xx_hal_cortex.o
                                                  build/main.o
                                                  build/setup.o
                                                  build/stm32f1xx_hal.o
HAL_NVIC_SetPriorityGrouping                      build/stm32f1xx_hal_cortex.o
                                                  build/main.o
                                                  build/stm32f1xx_hal.o
HAL_NVIC_SystemReset                              build/stm32f1xx_hal_cortex.o
                                                  build/stm32f1xx_hal_flash.o
HAL_PWR_ConfigPVD                                 build/stm32f1xx_hal_pwr.o
HAL_PWR_DeInit                                    build/stm32f1xx_hal_pwr.o
HAL_PWR_DisableBkUpAccess                         build/stm32f1xx_hal_pwr.o
HAL_PWR_DisablePVD                                build/stm32f1xx_hal_pwr.o
HAL_PWR_DisableSEVOnPend                          build/stm32f1xx_hal_pwr.o
HAL_PWR_DisableSleepOnExit                        build/stm32f1xx_hal_pwr.o
HAL_PWR_DisableWakeUpPin                          build/stm32f1xx_hal_pwr.o
HAL_PWR_EnableBkUpAccess                          build/stm32f1xx_hal_pwr.o
HAL_PWR_EnablePVD                                 build/stm32f1xx_hal_pwr.o
HAL_PWR_EnableSEVOnPend                           build/stm32f1xx_hal_pwr.o
HAL_PWR_EnableSleepOnExit                         build/stm32f1xx_hal_pwr.o
HAL_PWR_EnableWakeUpPin                           build/stm32f1xx_hal_pwr.o
HAL_PWR_EnterSLEEPMode                            build/stm32f1xx_hal_pwr.o
HAL_PWR_EnterSTANDBYMode                          build/stm32f1xx_hal_pwr.o
HAL_PWR_EnterSTOPMode                             build/stm32f1xx_hal_pwr.o
HAL_PWR_PVDCallback                               build/stm32f1xx_hal_pwr.o
HAL_PWR_PVD_IRQHandler                            build/stm32f1xx_hal_pwr.o
HAL_RCCEx_GetPeriphCLKConfig                      build/stm32f1xx_hal_rcc_ex.o
HAL_RCCEx_GetPeriphCLKFreq                        build/stm32f1xx_hal_rcc_ex.o
                                                  build/stm32f1xx_hal_adc.o
                                                  build/stm32f1xx_hal_adc_ex.o
HAL_RCCEx_PeriphCLKConfig                         build/stm32f1xx_hal_rcc_ex.o
                                                  build/main.o
HAL_RCC_CSSCallback                               build/stm32f1xx_hal_rcc.o
HAL_RCC_ClockConfig                               build/stm32f1xx_hal_rcc.o
                                                  build/main.o
HAL_RCC_DeInit                                    build/stm32f1xx_hal_rcc.o
HAL_RCC_DisableCSS                                build/stm32f1xx_hal_rcc.o
HAL_RCC_EnableCSS                                 build/stm32f1xx_hal_rcc.o
HAL_RCC_GetClockConfig                            build/stm32f1xx_hal_rcc.o
HAL_RCC_GetHCLKFreq                               build/stm32f1xx_hal_rcc.o
                                                  build/main.o
HAL_RCC_GetOscConfig                              build/stm32f1xx_hal_rcc.o
HAL_RCC_GetPCLK1Freq                              build/stm32f1xx_hal_rcc.o
                                                  build/stm32f1xx_hal_i2c.o
                                                  build/stm32f1xx_hal_uart.o
HAL_RCC_GetPCLK2Freq                              build/stm32f1xx_hal_rcc.o
                                                  build/stm32f1xx_hal_uart.o
                                                  build/stm32f1xx_hal_rcc_ex.o
HAL_RCC_GetSysClockFreq                           build/stm32f1xx_hal_rcc.o
                                                  build/stm32f1xx_hal_rcc_ex.o
HAL_RCC_MCOConfig                                 build/stm32f1xx_hal_rcc.o
HAL_RCC_NMI_IRQHandler                            build/stm32f1xx_hal_rcc.o
HAL_RCC_OscConfig                                 build/stm32f1xx_hal_rcc.o
                                                  build/main.o
HAL_ResumeTick                                    build/stm32f1xx_hal.o
HAL_SYSTICK_CLKSourceConfig                       build/stm32f1xx_hal_cortex.o
                                                  build/main.o
HAL_SYSTICK_Callback                              build/stm32f1xx_hal_cortex.o
HAL_SYSTICK_Config                                build/stm32f1xx_hal_cortex.o
                                                  build/main.o
                                                  build/stm32f1xx_hal.o
HAL_SYSTICK_IRQHandler                            build/stm32f1xx_hal_cortex.o
                                                  build/stm32f1xx_it.o
HAL_SuspendTick                                   build/stm32f1xx_hal.o
HAL_TIMEx_BreakCallback                           build/stm32f1xx_hal_tim_ex.o
                                                  build/stm32f1xx_hal_tim.o
HAL_TIMEx_CommutationCallback                     build/stm32f1xx_hal_tim_ex.o
                                                  build/stm32f1xx_hal_tim.o
HAL_TIMEx_ConfigBreakDeadTime                     build/stm32f1xx_hal_tim_ex.o
                                                  build/setup.o
HAL_TIMEx_ConfigCommutationEvent                  build/stm32f1xx_hal_tim_ex.o
HAL_TIMEx_ConfigCommutationEvent_DMA              build/stm32f1xx_hal_tim_ex.o
HAL_TIMEx_ConfigCommutationEvent_IT               build/stm32f1xx_hal_tim_ex.o
HAL_TIMEx_HallSensor_DeInit                       build/stm32f1xx_hal_tim_ex.o
HAL_TIMEx_HallSensor_GetState                     build/stm32f1xx_hal_tim_ex.o
HAL_TIMEx_HallSensor_Init                         build/stm32f1xx_hal_tim_ex.o
HAL_TIMEx_HallSensor_MspDeInit                    build/stm32f1xx_hal_tim_ex.o
HAL_TIMEx_HallSensor_MspInit                      build/stm32f1xx_hal_tim_ex.o
HAL_TIMEx_HallSensor_Start                        build/stm32f1xx_hal_tim_ex.o
HAL_TIMEx_HallSensor_Start_DMA                    build/stm32f1xx_hal_tim_ex.o
HAL_TIMEx_HallSensor_Start_IT                     build/stm32f1xx_hal_tim_ex.o
HAL_TIMEx_HallSensor_Stop                         build/stm32f1xx_hal_tim_ex.o
HAL_TIMEx_HallSensor_Stop_DMA                     build/stm32f1xx_hal_tim_ex.o
HAL_TIMEx_HallSensor_Stop_IT                      build/stm32f1xx_hal_tim_ex.o
HAL_TIMEx_MasterConfigSynchronization             build/stm32f1xx_hal_tim_ex.o
                                                  build/setup.o
HAL_TIMEx_OCN_Start                               build/stm32f1xx_hal_tim_ex.o
HAL_TIMEx_OCN_Start_DMA                           build/stm32f1xx_hal_tim_ex.o
HAL_TIMEx_OCN_Start_IT                            build/stm32f1xx_hal_tim_ex.o
HAL_TIMEx_OCN_Stop                                build/stm32f1xx_hal_tim_ex.o
HAL_TIMEx_OCN_Stop_DMA                            build/stm32f1xx_hal_tim_ex.o
HAL_TIMEx_OCN_Stop_IT                             build/stm32f1xx_hal_tim_ex.o
HAL_TIMEx_OnePulseN_Start                         build/stm32f1xx_hal_tim_ex.o
HAL_TIMEx_OnePulseN_Start_IT                      build/stm32f1xx_hal_tim_ex.o
HAL_TIMEx_OnePulseN_Stop                          build/stm32f1xx_hal_tim_ex.o
HAL_TIMEx_OnePulseN_Stop_IT                       build/stm32f1xx_hal_tim_ex.o
HAL_TIMEx_PWMN_Start                              build/stm32f1xx_hal_tim_ex.o
                                                  build/setup.o
HAL_TIMEx_PWMN_Start_DMA                          build/stm32f1xx_hal_tim_ex.o
HAL_TIMEx_PWMN_Start_IT                           build/stm32f1xx_hal_tim_ex.o
HAL_TIMEx_PWMN_Stop                               build/stm32f1xx_hal_tim_ex.o
HAL_TIMEx_PWMN_Stop_DMA                           build/stm32f1xx_hal_tim_ex.o
HAL_TIMEx_PWMN_Stop_IT                            build/stm32f1xx_hal_tim_ex.o
HAL_TIM_Base_DeInit                               build/stm32f1xx_hal_tim.o
HAL_TIM_Base_GetState                             build/stm32f1xx_hal_tim.o
HAL_TIM_Base_Init                                 build/stm32f1xx_hal_tim.o
HAL_TIM_Base_MspDeInit                            build/stm32f1xx_hal_tim.o
HAL_TIM_Base_MspInit                              build/stm32f1xx_hal_tim.o
HAL_TIM_Base_Start                                build/stm32f1xx_hal_tim.o
HAL_TIM_Base_Start_DMA                            build/stm32f1xx_hal_tim.o
HAL_TIM_Base_Start_IT                             build/stm32f1xx_hal_tim.o
HAL_TIM_Base_Stop                                 build/stm32f1xx_hal_tim.o
HAL_TIM_Base_Stop_DMA                             build/stm32f1xx_hal_tim.o
HAL_TIM_Base_Stop_IT                              build/stm32f1xx_hal_tim.o
HAL_TIM_ConfigClockSource                         build/stm32f1xx_hal_tim.o
HAL_TIM_ConfigOCrefClear                          build/stm32f1xx_hal_tim.o
HAL_TIM_ConfigTI1Input                            build/stm32f1xx_hal_tim.o
HAL_TIM_DMABurst_ReadStart                        build/stm32f1xx_hal_tim.o
HAL_TIM_DMABurst_ReadStop                         build/stm32f1xx_hal_tim.o
HAL_TIM_DMABurst_WriteStart                       build/stm32f1xx_hal_tim.o
HAL_TIM_DMABurst_WriteStop                        build/stm32f1xx_hal_tim.o
HAL_TIM_Encoder_DeInit                            build/stm32f1xx_hal_tim.o
HAL_TIM_Encoder_GetState                          build/stm32f1xx_hal_tim.o
HAL_TIM_Encoder_Init                              build/stm32f1xx_hal_tim.o
HAL_TIM_Encoder_MspDeInit                         build/stm32f1xx_hal_tim.o
HAL_TIM_Encoder_MspInit                           build/stm32f1xx_hal_tim.o
HAL_TIM_Encoder_Start                             build/stm32f1xx_hal_tim.o
HAL_TIM_Encoder_Start_DMA                         build/stm32f1xx_hal_tim.o
HAL_TIM_Encoder_Start_IT                          build/stm32f1xx_hal_tim.o
HAL_TIM_Encoder_Stop                              build/stm32f1xx_hal_tim.o
HAL_TIM_Encoder_Stop_DMA                          build/stm32f1xx_hal_tim.o
HAL_TIM_Encoder_Stop_IT                           build/stm32f1xx_hal_tim.o
HAL_TIM_ErrorCallback                             build/stm32f1xx_hal_tim.o
HAL_TIM_GenerateEvent                             build/stm32f1xx_hal_tim.o
HAL_TIM_IC_CaptureCallback                        build/stm32f1xx_hal_tim.o
HAL_TIM_IC_ConfigChannel                          build/stm32f1xx_hal_tim.o
HAL_TIM_IC_DeInit                                 build/stm32f1xx_hal_tim.o
HAL_TIM_IC_GetState                               build/stm32f1xx_hal_tim.o
HAL_TIM_IC_Init                                   build/stm32f1xx_hal_tim.o
HAL_TIM_IC_MspDeInit                              build/stm32f1xx_hal_tim.o
HAL_TIM_IC_MspInit                                build/stm32f1xx_hal_tim.o
HAL_TIM_IC_Start                                  build/stm32f1xx_hal_tim.o
HAL_TIM_IC_Start_DMA                              build/stm32f1xx_hal_tim.o
HAL_TIM_IC_Start_IT                               build/stm32f1xx_hal_tim.o
HAL_TIM_IC_Stop                                   build/stm32f1xx_hal_tim.o
HAL_TIM_IC_Stop_DMA                               build/stm32f1xx_hal_tim.o
HAL_TIM_IC_Stop_IT                                build/stm32f1xx_hal_tim.o
HAL_TIM_IRQHandler                                build/stm32f1xx_hal_tim.o
HAL_TIM_OC_ConfigChannel                          build/stm32f1xx_hal_tim.o
HAL_TIM_OC_DeInit                                 build/stm32f1xx_hal_tim.o
HAL_TIM_OC_DelayElapsedCallback                   build/stm32f1xx_hal_tim.o
HAL_TIM_OC_GetState                               build/stm32f1xx_hal_tim.o
HAL_TIM_OC_Init                                   build/stm32f1xx_hal_tim.o
HAL_TIM_OC_MspDeInit                              build/stm32f1xx_hal_tim.o
HAL_TIM_OC_MspInit                                build/stm32f1xx_hal_tim.o
HAL_TIM_OC_Start                                  build/stm32f1xx_hal_tim.o
HAL_TIM_OC_Start_DMA                              build/stm32f1xx_hal_tim.o
HAL_TIM_OC_Start_IT                               build/stm32f1xx_hal_tim.o
HAL_TIM_OC_Stop                                   build/stm32f1xx_hal_tim.o
HAL_TIM_OC_Stop_DMA                               build/stm32f1xx_hal_tim.o
HAL_TIM_OC_Stop_IT                                build/stm32f1xx_hal_tim.o
HAL_TIM_OnePulse_ConfigChannel                    build/stm32f1xx_hal_tim.o
HAL_TIM_OnePulse_DeInit                           build/stm32f1xx_hal_tim.o
HAL_TIM_OnePulse_GetState                         build/stm32f1xx_hal_tim.o
HAL_TIM_OnePulse_Init                             build/stm32f1xx_hal_tim.o
HAL_TIM_OnePulse_MspDeInit                        build/stm32f1xx_hal_tim.o
HAL_TIM_OnePulse_MspInit                          build/stm32f1xx_hal_tim.o
HAL_TIM_OnePulse_Start                            build/stm32f1xx_hal_tim.o
HAL_TIM_OnePulse_Start_IT                         build/stm32f1xx_hal_tim.o
HAL_TIM_OnePulse_Stop                             build/stm32f1xx_hal_tim.o
HAL_TIM_OnePulse_Stop_IT                          build/stm32f1xx_hal_tim.o
HAL_TIM_PWM_ConfigChannel                         build/stm32f1xx_hal_tim.o
                                                  build/setup.o
HAL_TIM_PWM_DeInit                                build/stm32f1xx_hal_tim.o
HAL_TIM_PWM_GetState                              build/stm32f1xx_hal_tim.o
HAL_TIM_PWM_Init                                  build/stm32f1xx_hal_tim.o
                                                  build/setup.o
HAL_TIM_PWM_MspDeInit                             build/stm32f1xx_hal_tim.o
HAL_TIM_PWM_MspInit                               build/stm32f1xx_hal_tim.o
HAL_TIM_PWM_PulseFinishedCallback                 build/stm32f1xx_hal_tim.o
HAL_TIM_PWM_Start                                 build/stm32f1xx_hal_tim.o
                                                  build/setup.o
HAL_TIM_PWM_Start_DMA                             build/stm32f1xx_hal_tim.o
HAL_TIM_PWM_Start_IT                              build/stm32f1xx_hal_tim.o
HAL_TIM_PWM_Stop                                  build/stm32f1xx_hal_tim.o
HAL_TIM_PWM_Stop_DMA                              build/stm32f1xx_hal_tim.o
HAL_TIM_PWM_Stop_IT                               build/stm32f1xx_hal_tim.o
HAL_TIM_PeriodElapsedCallback                     build/stm32f1xx_hal_tim.o
HAL_TIM_ReadCapturedValue                         build/stm32f1xx_hal_tim.o
HAL_TIM_SlaveConfigSynchronization                build/stm32f1xx_hal_tim.o
                                                  build/setup.o
HAL_TIM_SlaveConfigSynchronization_IT             build/stm32f1xx_hal_tim.o
HAL_TIM_TriggerCallback                           build/stm32f1xx_hal_tim.o
HAL_UART_Abort                                    build/stm32f1xx_hal_uart.o